Archive member included because of file (symbol)

/Users/imac/Develop/stm32f4/arm_gcc/gcc-arm-none-eabi-4_8-2014q2/bin/../lib/gcc/arm-none-eabi/4.8.4/armv6-m/libgcc.a(_thumb1_case_uqi.o)
                              src/ble.o (__gnu_thumb1_case_uqi)
/Users/imac/Develop/stm32f4/arm_gcc/gcc-arm-none-eabi-4_8-2014q2/bin/../lib/gcc/arm-none-eabi/4.8.4/../../../../arm-none-eabi/lib/armv6-m/libc_s.a(lib_a-exit.o)
                              /Users/imac/Develop/stm32f4/arm_gcc/gcc-arm-none-eabi-4_8-2014q2/bin/../lib/gcc/arm-none-eabi/4.8.4/../../../../arm-none-eabi/lib/armv6-m/crt0.o (exit)
/Users/imac/Develop/stm32f4/arm_gcc/gcc-arm-none-eabi-4_8-2014q2/bin/../lib/gcc/arm-none-eabi/4.8.4/../../../../arm-none-eabi/lib/armv6-m/libc_s.a(lib_a-impure.o)
                              /Users/imac/Develop/stm32f4/arm_gcc/gcc-arm-none-eabi-4_8-2014q2/bin/../lib/gcc/arm-none-eabi/4.8.4/../../../../arm-none-eabi/lib/armv6-m/libc_s.a(lib_a-exit.o) (_global_impure_ptr)
/Users/imac/Develop/stm32f4/arm_gcc/gcc-arm-none-eabi-4_8-2014q2/bin/../lib/gcc/arm-none-eabi/4.8.4/../../../../arm-none-eabi/lib/armv6-m/libc_s.a(lib_a-init.o)
                              /Users/imac/Develop/stm32f4/arm_gcc/gcc-arm-none-eabi-4_8-2014q2/bin/../lib/gcc/arm-none-eabi/4.8.4/../../../../arm-none-eabi/lib/armv6-m/crt0.o (__libc_init_array)
/Users/imac/Develop/stm32f4/arm_gcc/gcc-arm-none-eabi-4_8-2014q2/bin/../lib/gcc/arm-none-eabi/4.8.4/../../../../arm-none-eabi/lib/armv6-m/libc_s.a(lib_a-memcpy-stub.o)
                              nrf51_sdk/nrf51822/Source/ble/ble_advdata.o (memcpy)
/Users/imac/Develop/stm32f4/arm_gcc/gcc-arm-none-eabi-4_8-2014q2/bin/../lib/gcc/arm-none-eabi/4.8.4/../../../../arm-none-eabi/lib/armv6-m/libc_s.a(lib_a-memset.o)
                              /Users/imac/Develop/stm32f4/arm_gcc/gcc-arm-none-eabi-4_8-2014q2/bin/../lib/gcc/arm-none-eabi/4.8.4/../../../../arm-none-eabi/lib/armv6-m/crt0.o (memset)
/Users/imac/Develop/stm32f4/arm_gcc/gcc-arm-none-eabi-4_8-2014q2/bin/../lib/gcc/arm-none-eabi/4.8.4/../../../../arm-none-eabi/lib/armv6-m/libc_s.a(lib_a-strlen.o)
                              nrf51_sdk/nrf51822/Source/ble/ble_services/ble_srv_common.o (strlen)
/Users/imac/Develop/stm32f4/arm_gcc/gcc-arm-none-eabi-4_8-2014q2/bin/../lib/gcc/arm-none-eabi/4.8.4/../../../../arm-none-eabi/lib/armv6-m/libnosys.a(_exit.o)
                              /Users/imac/Develop/stm32f4/arm_gcc/gcc-arm-none-eabi-4_8-2014q2/bin/../lib/gcc/arm-none-eabi/4.8.4/../../../../arm-none-eabi/lib/armv6-m/libc_s.a(lib_a-exit.o) (_exit)

Discarded input sections

 .group         0x0000000000000000        0x8 nrf51_sdk/nrf51822/Source/ble/ble_advdata.o
 .group         0x0000000000000000        0x8 nrf51_sdk/nrf51822/Source/ble/ble_advdata.o
 .group         0x0000000000000000        0x8 nrf51_sdk/nrf51822/Source/ble/ble_advdata.o
 .group         0x0000000000000000        0x8 nrf51_sdk/nrf51822/Source/ble/ble_advdata.o
 .group         0x0000000000000000        0x8 nrf51_sdk/nrf51822/Source/ble/ble_advdata.o
 .group         0x0000000000000000        0x8 nrf51_sdk/nrf51822/Source/ble/ble_advdata.o
 .group         0x0000000000000000        0x8 nrf51_sdk/nrf51822/Source/ble/ble_advdata.o
 .group         0x0000000000000000        0x8 nrf51_sdk/nrf51822/Source/ble/ble_advdata.o
 .group         0x0000000000000000        0x8 nrf51_sdk/nrf51822/Source/ble/ble_advdata.o
 .group         0x0000000000000000        0x8 nrf51_sdk/nrf51822/Source/ble/ble_advdata.o
 .group         0x0000000000000000        0x8 nrf51_sdk/nrf51822/Source/ble/ble_advdata.o
 .group         0x0000000000000000        0x8 nrf51_sdk/nrf51822/Source/ble/ble_advdata.o
 .group         0x0000000000000000        0x8 nrf51_sdk/nrf51822/Source/ble/ble_advdata.o
 .group         0x0000000000000000        0x8 nrf51_sdk/nrf51822/Source/ble/ble_advdata.o
 .group         0x0000000000000000        0x8 nrf51_sdk/nrf51822/Source/ble/ble_advdata.o
 .group         0x0000000000000000        0x8 nrf51_sdk/nrf51822/Source/ble/ble_advdata.o
 .group         0x0000000000000000        0x8 nrf51_sdk/nrf51822/Source/ble/ble_advdata.o
 .group         0x0000000000000000        0x8 nrf51_sdk/nrf51822/Source/ble/ble_advdata.o
 .group         0x0000000000000000        0x8 nrf51_sdk/nrf51822/Source/ble/ble_advdata.o
 .group         0x0000000000000000        0x8 nrf51_sdk/nrf51822/Source/ble/ble_advdata.o
 .group         0x0000000000000000        0x8 nrf51_sdk/nrf51822/Source/ble/ble_advdata.o
 .group         0x0000000000000000        0x8 nrf51_sdk/nrf51822/Source/ble/ble_advdata.o
 .group         0x0000000000000000        0x8 nrf51_sdk/nrf51822/Source/ble/ble_advdata.o
 .group         0x0000000000000000        0x8 nrf51_sdk/nrf51822/Source/ble/ble_advdata.o
 .group         0x0000000000000000        0x8 nrf51_sdk/nrf51822/Source/ble/ble_advdata.o
 .group         0x0000000000000000        0x8 nrf51_sdk/nrf51822/Source/ble/ble_advdata.o
 .group         0x0000000000000000        0x8 nrf51_sdk/nrf51822/Source/ble/ble_advdata.o
[...]
Memory Configuration

Name             Origin             Length             Attributes
FLASH            0x000000000001bc00 0x0000000000003400 xr
RAM              0x0000000020002000 0x0000000000002000 xrw
*default*        0x0000000000000000 0xffffffffffffffff

Linker script and memory map

LOAD /Users/imac/Develop/stm32f4/arm_gcc/gcc-arm-none-eabi-4_8-2014q2/bin/../lib/gcc/arm-none-eabi/4.8.4/armv6-m/crti.o
LOAD /Users/imac/Develop/stm32f4/arm_gcc/gcc-arm-none-eabi-4_8-2014q2/bin/../lib/gcc/arm-none-eabi/4.8.4/armv6-m/crtbegin.o
LOAD /Users/imac/Develop/stm32f4/arm_gcc/gcc-arm-none-eabi-4_8-2014q2/bin/../lib/gcc/arm-none-eabi/4.8.4/../../../../arm-none-eabi/lib/armv6-m/crt0.o
LOAD nrf51_sdk/nrf51822/Source/ble/ble_advdata.o
LOAD nrf51_sdk/nrf51822/Source/ble/ble_conn_params.o
LOAD nrf51_sdk/nrf51822/Source/ble/ble_services/ble_srv_common.o
LOAD nrf51_sdk/nrf51822/Source/ble/ble_services/ble_dis.o
LOAD nrf51_sdk/nrf51822/Source/sd_common/softdevice_handler.o
LOAD nrf51_sdk/nrf51822/Source/app_common/app_timer.o
LOAD src/main.o
LOAD gcc_startup_nrf51.o
LOAD system_nrf51.o
LOAD src/button.o
LOAD src/systick.o
LOAD src/ble.o
LOAD src/ble_crazyflies.o
LOAD src/esb.o
LOAD src/timeslot.o
LOAD src/bootloader.o
LOAD src/uart.o
LOAD src/syslink.o
LOAD src/crc.o
START GROUP
LOAD /Users/imac/Develop/stm32f4/arm_gcc/gcc-arm-none-eabi-4_8-2014q2/bin/../lib/gcc/arm-none-eabi/4.8.4/armv6-m/libgcc.a
LOAD /Users/imac/Develop/stm32f4/arm_gcc/gcc-arm-none-eabi-4_8-2014q2/bin/../lib/gcc/arm-none-eabi/4.8.4/../../../../arm-none-eabi/lib/armv6-m/libc_s.a
END GROUP
START GROUP
LOAD /Users/imac/Develop/stm32f4/arm_gcc/gcc-arm-none-eabi-4_8-2014q2/bin/../lib/gcc/arm-none-eabi/4.8.4/armv6-m/libgcc.a
LOAD /Users/imac/Develop/stm32f4/arm_gcc/gcc-arm-none-eabi-4_8-2014q2/bin/../lib/gcc/arm-none-eabi/4.8.4/../../../../arm-none-eabi/lib/armv6-m/libc_s.a
END GROUP
LOAD /Users/imac/Develop/stm32f4/arm_gcc/gcc-arm-none-eabi-4_8-2014q2/bin/../lib/gcc/arm-none-eabi/4.8.4/armv6-m/crtend.o
LOAD /Users/imac/Develop/stm32f4/arm_gcc/gcc-arm-none-eabi-4_8-2014q2/bin/../lib/gcc/arm-none-eabi/4.8.4/armv6-m/crtn.o
START GROUP
LOAD /Users/imac/Develop/stm32f4/arm_gcc/gcc-arm-none-eabi-4_8-2014q2/bin/../lib/gcc/arm-none-eabi/4.8.4/armv6-m/libgcc.a
LOAD /Users/imac/Develop/stm32f4/arm_gcc/gcc-arm-none-eabi-4_8-2014q2/bin/../lib/gcc/arm-none-eabi/4.8.4/../../../../arm-none-eabi/lib/armv6-m/libc.a
LOAD /Users/imac/Develop/stm32f4/arm_gcc/gcc-arm-none-eabi-4_8-2014q2/bin/../lib/gcc/arm-none-eabi/4.8.4/../../../../arm-none-eabi/lib/armv6-m/libnosys.a
END GROUP

.text           0x000000000001bc00     0x2b40
 *(.Vectors)
 .Vectors       0x000000000001bc00       0xc0 gcc_startup_nrf51.o
                0x000000000001bc00                __Vectors
 *(.text*)
 .text          0x000000000001bcc0        0x0 /Users/imac/Develop/stm32f4/arm_gcc/gcc-arm-none-eabi-4_8-2014q2/bin/../lib/gcc/arm-none-eabi/4.8.4/armv6-m/crti.o
 .text          0x000000000001bcc0       0x60 /Users/imac/Develop/stm32f4/arm_gcc/gcc-arm-none-eabi-4_8-2014q2/bin/../lib/gcc/arm-none-eabi/4.8.4/armv6-m/crtbegin.o
 .text          0x000000000001bd20       0x78 /Users/imac/Develop/stm32f4/arm_gcc/gcc-arm-none-eabi-4_8-2014q2/bin/../lib/gcc/arm-none-eabi/4.8.4/../../../../arm-none-eabi/lib/armv6-m/crt0.o
                0x000000000001bd20                _mainCRTStartup
                0x000000000001bd20                _start
 .text          0x000000000001bd98      0x428 nrf51_sdk/nrf51822/Source/ble/ble_advdata.o
                0x000000000001c150                ble_advdata_set
 .text          0x000000000001c1c0      0x230 nrf51_sdk/nrf51822/Source/ble/ble_conn_params.o
                0x000000000001c298                ble_conn_params_init
                0x000000000001c2f8                ble_conn_params_stop
                0x000000000001c308                ble_conn_params_on_ble_evt
                0x000000000001c394                ble_conn_params_change_conn_params
 .text          0x000000000001c3f0       0x1e nrf51_sdk/nrf51822/Source/ble/ble_services/ble_srv_common.o
                0x000000000001c3f0                ble_srv_report_ref_encode
                0x000000000001c3fc                ble_srv_ascii_to_utf8
 *fill*         0x000000000001c40e        0x2 
 .text          0x000000000001c410      0x254 nrf51_sdk/nrf51822/Source/ble/ble_services/ble_dis.o
                0x000000000001c49c                ble_dis_init
 .text          0x000000000001c664      0x154 nrf51_sdk/nrf51822/Source/sd_common/softdevice_handler.o
                0x000000000001c678                softdevice_assertion_handler
                0x000000000001c684                intern_softdevice_events_execute
                0x000000000001c714                softdevice_handler_init
                0x000000000001c74c                softdevice_handler_sd_disable
                0x000000000001c764                softdevice_ble_evt_handler_set
                0x000000000001c778                softdevice_sys_evt_handler_set
                0x000000000001c78c                SWI2_IRQHandler
 .text          0x000000000001c7b8      0x78c nrf51_sdk/nrf51822/Source/app_common/app_timer.o
                0x000000000001c8b4                RTC1_IRQHandler
                0x000000000001c958                SWI0_IRQHandler
                0x000000000001ccd4                app_timer_init
                0x000000000001cd9c                app_timer_create
                0x000000000001cde8                app_timer_start
                0x000000000001ce7c                app_timer_stop
                0x000000000001cedc                app_timer_stop_all
                0x000000000001cf24                app_timer_cnt_get
                0x000000000001cf38                app_timer_cnt_diff_compute
 .text          0x000000000001cf44      0x1d0 src/main.o
                0x000000000001cf50                start_firmware
                0x000000000001cf6c                mainLoop
 .text.startup  0x000000000001d114      0x190 src/main.o
                0x000000000001d114                main
 .text          0x000000000001d2a4       0x48 gcc_startup_nrf51.o
                0x000000000001d2a4                Reset_Handler
                0x000000000001d2e0                NMI_Handler
                0x000000000001d2e2                HardFault_Handler
                0x000000000001d2e4                SVC_Handler
                0x000000000001d2e6                PendSV_Handler
                0x000000000001d2e8                SysTick_Handler
                0x000000000001d2ea                SWI4_IRQHandler
                0x000000000001d2ea                TEMP_IRQHandler
                0x000000000001d2ea                QDEC_IRQHandler
                0x000000000001d2ea                SWI5_IRQHandler
                0x000000000001d2ea                TIMER0_IRQHandler
                0x000000000001d2ea                TIMER1_IRQHandler
                0x000000000001d2ea                ECB_IRQHandler
                0x000000000001d2ea                Default_Handler
                0x000000000001d2ea                ADC_IRQHandler
                0x000000000001d2ea                SWI3_IRQHandler
                0x000000000001d2ea                CCM_AAR_IRQHandler
                0x000000000001d2ea                WDT_IRQHandler
                0x000000000001d2ea                RNG_IRQHandler
                0x000000000001d2ea                SPI1_TWI1_IRQHandler
                0x000000000001d2ea                SPI0_TWI0_IRQHandler
                0x000000000001d2ea                SWI1_IRQHandler
                0x000000000001d2ea                RTC0_IRQHandler
                0x000000000001d2ea                GPIOTE_IRQHandler
                0x000000000001d2ea                POWER_CLOCK_IRQHandler
                0x000000000001d2ea                RADIO_IRQHandler
                0x000000000001d2ea                LPCOMP_IRQHandler
 .text          0x000000000001d2ec       0xa0 system_nrf51.o
                0x000000000001d2ec                SystemCoreClockUpdate
                0x000000000001d2fc                SystemInit
 .text          0x000000000001d38c       0xa0 src/button.o
                0x000000000001d38c                buttonInit
                0x000000000001d3b0                buttonProcess
                0x000000000001d41c                buttonGetState
 .text          0x000000000001d42c       0x60 src/systick.o
                0x000000000001d42c                TIMER2_IRQHandler
                0x000000000001d444                systickInit
                0x000000000001d480                systickGetTick
 .text          0x000000000001d48c      0x234 src/ble.o
                0x000000000001d518                app_error_handler
                0x000000000001d51a                assert_nrf_callback
                0x000000000001d51c                ble_init
 .text.unlikely
                0x000000000001d6c0       0x14 src/ble.o
 .text          0x000000000001d6d4      0x2e8 src/ble_crazyflies.o
                0x000000000001d6e0                ble_crazyflies_on_ble_evt
                0x000000000001d7a0                ble_crazyflies_init
                0x000000000001d898                bleCrazyfliesIsPacketReceived
                0x000000000001d8a4                bleCrazyfliesGetRxPacket
                0x000000000001d8b0                bleCrazyfliesReleaseRxPacket
                0x000000000001d8bc                bleCrazyfliesSendPacket
 .text          0x000000000001d9bc      0x3f0 src/esb.o
                0x000000000001da00                esbInterruptHandler
                0x000000000001db44                esbInit
                0x000000000001dc5c                esbDeinit
                0x000000000001dc8c                esbIsRxPacket
                0x000000000001dca8                esbGetRxPacket
                0x000000000001dccc                esbReleaseRxPacket
                0x000000000001dcf0                esbCanTxPacket
                0x000000000001dd1c                esbGetTxPacket
                0x000000000001dd3c                esbSendTxPacket
                0x000000000001dd60                esbSetDatarate
                0x000000000001dd84                esbSetChannel
                0x000000000001dd98                esbSetAddress
 .text          0x000000000001ddac       0xc0 src/timeslot.o
                0x000000000001de40                timeslot_sd_evt_signal
                0x000000000001de54                timeslot_start
 .text          0x000000000001de6c      0x3f0 src/bootloader.o
                0x000000000001de74                bootloaderProcess
                0x000000000001e188                bootloaderOnSdEvt
 .text          0x000000000001e25c      0x1a4 src/uart.o
                0x000000000001e25c                UART0_IRQHandler
                0x000000000001e2a8                uartInit
                0x000000000001e33c                uartPutc
                0x000000000001e368                uartPuts
                0x000000000001e388                uartSend
                0x000000000001e3ac                uartIsDataReceived
                0x000000000001e3d0                uartGetc
 .text          0x000000000001e400      0x120 src/syslink.o
                0x000000000001e400                syslinkReceive
                0x000000000001e4cc                syslinkSend
 .text          0x000000000001e520       0x60 src/crc.o
                0x000000000001e520                crcSlow
 .text          0x000000000001e580       0x14 /Users/imac/Develop/stm32f4/arm_gcc/gcc-arm-none-eabi-4_8-2014q2/bin/../lib/gcc/arm-none-eabi/4.8.4/armv6-m/libgcc.a(_thumb1_case_uqi.o)
                0x000000000001e580                __gnu_thumb1_case_uqi
 .text          0x000000000001e594        0x0 /Users/imac/Develop/stm32f4/arm_gcc/gcc-arm-none-eabi-4_8-2014q2/bin/../lib/gcc/arm-none-eabi/4.8.4/../../../../arm-none-eabi/lib/armv6-m/libc_s.a(lib_a-exit.o)
 .text.exit     0x000000000001e594       0x2c /Users/imac/Develop/stm32f4/arm_gcc/gcc-arm-none-eabi-4_8-2014q2/bin/../lib/gcc/arm-none-eabi/4.8.4/../../../../arm-none-eabi/lib/armv6-m/libc_s.a(lib_a-exit.o)
                0x000000000001e594                exit
 .text          0x000000000001e5c0        0x0 /Users/imac/Develop/stm32f4/arm_gcc/gcc-arm-none-eabi-4_8-2014q2/bin/../lib/gcc/arm-none-eabi/4.8.4/../../../../arm-none-eabi/lib/armv6-m/libc_s.a(lib_a-impure.o)
 .text          0x000000000001e5c0        0x0 /Users/imac/Develop/stm32f4/arm_gcc/gcc-arm-none-eabi-4_8-2014q2/bin/../lib/gcc/arm-none-eabi/4.8.4/../../../../arm-none-eabi/lib/armv6-m/libc_s.a(lib_a-init.o)
 .text.__libc_init_array
                0x000000000001e5c0       0x4c /Users/imac/Develop/stm32f4/arm_gcc/gcc-arm-none-eabi-4_8-2014q2/bin/../lib/gcc/arm-none-eabi/4.8.4/../../../../arm-none-eabi/lib/armv6-m/libc_s.a(lib_a-init.o)
                0x000000000001e5c0                __libc_init_array
 .text          0x000000000001e60c        0x0 /Users/imac/Develop/stm32f4/arm_gcc/gcc-arm-none-eabi-4_8-2014q2/bin/../lib/gcc/arm-none-eabi/4.8.4/../../../../arm-none-eabi/lib/armv6-m/libc_s.a(lib_a-memcpy-stub.o)
 .text.memcpy   0x000000000001e60c       0x12 /Users/imac/Develop/stm32f4/arm_gcc/gcc-arm-none-eabi-4_8-2014q2/bin/../lib/gcc/arm-none-eabi/4.8.4/../../../../arm-none-eabi/lib/armv6-m/libc_s.a(lib_a-memcpy-stub.o)
                0x000000000001e60c                memcpy
 .text          0x000000000001e61e        0x0 /Users/imac/Develop/stm32f4/arm_gcc/gcc-arm-none-eabi-4_8-2014q2/bin/../lib/gcc/arm-none-eabi/4.8.4/../../../../arm-none-eabi/lib/armv6-m/libc_s.a(lib_a-memset.o)
 .text.memset   0x000000000001e61e       0x10 /Users/imac/Develop/stm32f4/arm_gcc/gcc-arm-none-eabi-4_8-2014q2/bin/../lib/gcc/arm-none-eabi/4.8.4/../../../../arm-none-eabi/lib/armv6-m/libc_s.a(lib_a-memset.o)
                0x000000000001e61e                memset
 .text          0x000000000001e62e        0x0 /Users/imac/Develop/stm32f4/arm_gcc/gcc-arm-none-eabi-4_8-2014q2/bin/../lib/gcc/arm-none-eabi/4.8.4/../../../../arm-none-eabi/lib/armv6-m/libc_s.a(lib_a-strlen.o)
 .text.strlen   0x000000000001e62e        0xe /Users/imac/Develop/stm32f4/arm_gcc/gcc-arm-none-eabi-4_8-2014q2/bin/../lib/gcc/arm-none-eabi/4.8.4/../../../../arm-none-eabi/lib/armv6-m/libc_s.a(lib_a-strlen.o)
                0x000000000001e62e                strlen
 .text          0x000000000001e63c        0x0 /Users/imac/Develop/stm32f4/arm_gcc/gcc-arm-none-eabi-4_8-2014q2/bin/../lib/gcc/arm-none-eabi/4.8.4/armv6-m/crtend.o
 .text          0x000000000001e63c        0x0 /Users/imac/Develop/stm32f4/arm_gcc/gcc-arm-none-eabi-4_8-2014q2/bin/../lib/gcc/arm-none-eabi/4.8.4/armv6-m/crtn.o
 .text          0x000000000001e63c        0x0 /Users/imac/Develop/stm32f4/arm_gcc/gcc-arm-none-eabi-4_8-2014q2/bin/../lib/gcc/arm-none-eabi/4.8.4/../../../../arm-none-eabi/lib/armv6-m/libnosys.a(_exit.o)
 .text._exit    0x000000000001e63c        0x4 /Users/imac/Develop/stm32f4/arm_gcc/gcc-arm-none-eabi-4_8-2014q2/bin/../lib/gcc/arm-none-eabi/4.8.4/../../../../arm-none-eabi/lib/armv6-m/libnosys.a(_exit.o)
                0x000000000001e63c                _exit
 *(.init)
 .init          0x000000000001e640        0x4 /Users/imac/Develop/stm32f4/arm_gcc/gcc-arm-none-eabi-4_8-2014q2/bin/../lib/gcc/arm-none-eabi/4.8.4/armv6-m/crti.o
                0x000000000001e640                _init
 .init          0x000000000001e644        0x8 /Users/imac/Develop/stm32f4/arm_gcc/gcc-arm-none-eabi-4_8-2014q2/bin/../lib/gcc/arm-none-eabi/4.8.4/armv6-m/crtn.o
 *(.fini)
 .fini          0x000000000001e64c        0x4 /Users/imac/Develop/stm32f4/arm_gcc/gcc-arm-none-eabi-4_8-2014q2/bin/../lib/gcc/arm-none-eabi/4.8.4/armv6-m/crti.o
                0x000000000001e64c                _fini
 .fini          0x000000000001e650        0x8 /Users/imac/Develop/stm32f4/arm_gcc/gcc-arm-none-eabi-4_8-2014q2/bin/../lib/gcc/arm-none-eabi/4.8.4/armv6-m/crtn.o
 *crtbegin.o(.ctors)
 *crtbegin?.o(.ctors)
 *(EXCLUDE_FILE(*crtend.o *crtend?.o) .ctors)
 *(SORT(.ctors.*))
 *(.ctors)
 *crtbegin.o(.dtors)
 *crtbegin?.o(.dtors)
 *(EXCLUDE_FILE(*crtend.o *crtend?.o) .dtors)
 *(SORT(.dtors.*))
 *(.dtors)
 *(.rodata*)
 .rodata.str1.1
                0x000000000001e658       0x35 nrf51_sdk/nrf51822/Source/ble/ble_services/ble_dis.o
 .rodata.str1.1
                0x000000000001e68d       0x39 nrf51_sdk/nrf51822/Source/sd_common/softdevice_handler.o
 .rodata.str1.1
                0x000000000001e6c6       0x31 nrf51_sdk/nrf51822/Source/app_common/app_timer.o
 .rodata.str1.1
                0x000000000001e6f7        0xb src/main.o
 .rodata        0x000000000001e702       0x14 src/ble.o
 .rodata.str1.1
                0x000000000001e716       0x1a src/ble.o
 .rodata.str1.1
                0x000000000001e730        0x3 src/syslink.o
 .rodata.str1.1
                0x000000000001e733        0x2 /Users/imac/Develop/stm32f4/arm_gcc/gcc-arm-none-eabi-4_8-2014q2/bin/../lib/gcc/arm-none-eabi/4.8.4/../../../../arm-none-eabi/lib/armv6-m/libc_s.a(lib_a-impure.o)
 *fill*         0x000000000001e735        0x3 
 .rodata._global_impure_ptr
                0x000000000001e738        0x4 /Users/imac/Develop/stm32f4/arm_gcc/gcc-arm-none-eabi-4_8-2014q2/bin/../lib/gcc/arm-none-eabi/4.8.4/../../../../arm-none-eabi/lib/armv6-m/libc_s.a(lib_a-impure.o)
                0x000000000001e738                _global_impure_ptr
 *(.eh_frame*)
 .eh_frame      0x000000000001e73c        0x0 /Users/imac/Develop/stm32f4/arm_gcc/gcc-arm-none-eabi-4_8-2014q2/bin/../lib/gcc/arm-none-eabi/4.8.4/armv6-m/crtbegin.o
 .eh_frame      0x000000000001e73c        0x4 /Users/imac/Develop/stm32f4/arm_gcc/gcc-arm-none-eabi-4_8-2014q2/bin/../lib/gcc/arm-none-eabi/4.8.4/armv6-m/crtend.o

.glue_7         0x000000000001e740        0x0
 .glue_7        0x0000000000000000        0x0 linker stubs

.glue_7t        0x000000000001e740        0x0
 .glue_7t       0x0000000000000000        0x0 linker stubs

.vfp11_veneer   0x000000000001e740        0x0
 .vfp11_veneer  0x0000000000000000        0x0 linker stubs

.v4_bx          0x000000000001e740        0x0
 .v4_bx         0x0000000000000000        0x0 linker stubs

.iplt           0x000000000001e740        0x0
 .iplt          0x0000000000000000        0x0 /Users/imac/Develop/stm32f4/arm_gcc/gcc-arm-none-eabi-4_8-2014q2/bin/../lib/gcc/arm-none-eabi/4.8.4/armv6-m/crtbegin.o

.ARM.extab      0x000000000001e740        0x0
 *(.ARM.extab* .gnu.linkonce.armextab.*)
 .ARM.extab     0x000000000001e740        0x0 /Users/imac/Develop/stm32f4/arm_gcc/gcc-arm-none-eabi-4_8-2014q2/bin/../lib/gcc/arm-none-eabi/4.8.4/../../../../arm-none-eabi/lib/armv6-m/crt0.o
 .ARM.extab     0x000000000001e740        0x0 gcc_startup_nrf51.o
                0x000000000001e740                __exidx_start = .

.ARM.exidx      0x000000000001e740        0x8
 *(.ARM.exidx* .gnu.linkonce.armexidx.*)
 .ARM.exidx     0x000000000001e740        0x8 /Users/imac/Develop/stm32f4/arm_gcc/gcc-arm-none-eabi-4_8-2014q2/bin/../lib/gcc/arm-none-eabi/4.8.4/../../../../arm-none-eabi/lib/armv6-m/crt0.o
 .ARM.exidx     0x000000000001e748        0x0 gcc_startup_nrf51.o
                                          0x8 (size before relaxing)
                0x000000000001e748                __exidx_end = .
                0x000000000001e748                __etext = .

.rel.dyn        0x000000000001e748        0x0
 .rel.iplt      0x0000000000000000        0x0 /Users/imac/Develop/stm32f4/arm_gcc/gcc-arm-none-eabi-4_8-2014q2/bin/../lib/gcc/arm-none-eabi/4.8.4/armv6-m/crtbegin.o

.data           0x0000000020002000      0x52c load address 0x000000000001e748
                0x0000000020002000                __data_start__ = .
 *(vtable)
 *(.data*)
 .data          0x0000000020002000        0x0 /Users/imac/Develop/stm32f4/arm_gcc/gcc-arm-none-eabi-4_8-2014q2/bin/../lib/gcc/arm-none-eabi/4.8.4/armv6-m/crti.o
 .data          0x0000000020002000        0x4 /Users/imac/Develop/stm32f4/arm_gcc/gcc-arm-none-eabi-4_8-2014q2/bin/../lib/gcc/arm-none-eabi/4.8.4/armv6-m/crtbegin.o
                0x0000000020002000                __dso_handle
 .data          0x0000000020002004        0x0 /Users/imac/Develop/stm32f4/arm_gcc/gcc-arm-none-eabi-4_8-2014q2/bin/../lib/gcc/arm-none-eabi/4.8.4/../../../../arm-none-eabi/lib/armv6-m/crt0.o
 .data          0x0000000020002004        0x0 nrf51_sdk/nrf51822/Source/ble/ble_advdata.o
 .data          0x0000000020002004        0x0 nrf51_sdk/nrf51822/Source/ble/ble_conn_params.o
 .data          0x0000000020002004        0x0 nrf51_sdk/nrf51822/Source/ble/ble_services/ble_srv_common.o
 .data          0x0000000020002004        0x0 nrf51_sdk/nrf51822/Source/ble/ble_services/ble_dis.o
 .data          0x0000000020002004        0x0 nrf51_sdk/nrf51822/Source/sd_common/softdevice_handler.o
 .data          0x0000000020002004        0x0 nrf51_sdk/nrf51822/Source/app_common/app_timer.o
 .data          0x0000000020002004       0x10 src/main.o
 .data          0x0000000020002014        0x0 gcc_startup_nrf51.o
 .data          0x0000000020002014        0x4 system_nrf51.o
                0x0000000020002014                SystemCoreClock
 .data          0x0000000020002018        0x0 src/button.o
 .data          0x0000000020002018        0x0 src/systick.o
 .data          0x0000000020002018        0x2 src/ble.o
 *fill*         0x000000002000201a        0x2 
 .data          0x000000002000201c       0x88 src/ble_crazyflies.o
 .data          0x00000000200020a4        0x5 src/esb.o
 *fill*         0x00000000200020a9        0x3 
 .data          0x00000000200020ac       0x10 src/timeslot.o
 .data          0x00000000200020bc      0x400 src/bootloader.o
 .data          0x00000000200024bc        0x0 src/uart.o
 .data          0x00000000200024bc        0x0 src/syslink.o
 .data          0x00000000200024bc        0x0 src/crc.o
 .data          0x00000000200024bc        0x0 /Users/imac/Develop/stm32f4/arm_gcc/gcc-arm-none-eabi-4_8-2014q2/bin/../lib/gcc/arm-none-eabi/4.8.4/armv6-m/libgcc.a(_thumb1_case_uqi.o)
 .data          0x00000000200024bc        0x0 /Users/imac/Develop/stm32f4/arm_gcc/gcc-arm-none-eabi-4_8-2014q2/bin/../lib/gcc/arm-none-eabi/4.8.4/../../../../arm-none-eabi/lib/armv6-m/libc_s.a(lib_a-exit.o)
 .data          0x00000000200024bc        0x0 /Users/imac/Develop/stm32f4/arm_gcc/gcc-arm-none-eabi-4_8-2014q2/bin/../lib/gcc/arm-none-eabi/4.8.4/../../../../arm-none-eabi/lib/armv6-m/libc_s.a(lib_a-impure.o)
 .data.impure_data
                0x00000000200024bc       0x60 /Users/imac/Develop/stm32f4/arm_gcc/gcc-arm-none-eabi-4_8-2014q2/bin/../lib/gcc/arm-none-eabi/4.8.4/../../../../arm-none-eabi/lib/armv6-m/libc_s.a(lib_a-impure.o)
 .data._impure_ptr
                0x000000002000251c        0x4 /Users/imac/Develop/stm32f4/arm_gcc/gcc-arm-none-eabi-4_8-2014q2/bin/../lib/gcc/arm-none-eabi/4.8.4/../../../../arm-none-eabi/lib/armv6-m/libc_s.a(lib_a-impure.o)
                0x000000002000251c                _impure_ptr
 .data          0x0000000020002520        0x0 /Users/imac/Develop/stm32f4/arm_gcc/gcc-arm-none-eabi-4_8-2014q2/bin/../lib/gcc/arm-none-eabi/4.8.4/../../../../arm-none-eabi/lib/armv6-m/libc_s.a(lib_a-init.o)
 .data          0x0000000020002520        0x0 /Users/imac/Develop/stm32f4/arm_gcc/gcc-arm-none-eabi-4_8-2014q2/bin/../lib/gcc/arm-none-eabi/4.8.4/../../../../arm-none-eabi/lib/armv6-m/libc_s.a(lib_a-memcpy-stub.o)
 .data          0x0000000020002520        0x0 /Users/imac/Develop/stm32f4/arm_gcc/gcc-arm-none-eabi-4_8-2014q2/bin/../lib/gcc/arm-none-eabi/4.8.4/../../../../arm-none-eabi/lib/armv6-m/libc_s.a(lib_a-memset.o)
 .data          0x0000000020002520        0x0 /Users/imac/Develop/stm32f4/arm_gcc/gcc-arm-none-eabi-4_8-2014q2/bin/../lib/gcc/arm-none-eabi/4.8.4/../../../../arm-none-eabi/lib/armv6-m/libc_s.a(lib_a-strlen.o)
 .data          0x0000000020002520        0x0 /Users/imac/Develop/stm32f4/arm_gcc/gcc-arm-none-eabi-4_8-2014q2/bin/../lib/gcc/arm-none-eabi/4.8.4/armv6-m/crtend.o
 .data          0x0000000020002520        0x0 /Users/imac/Develop/stm32f4/arm_gcc/gcc-arm-none-eabi-4_8-2014q2/bin/../lib/gcc/arm-none-eabi/4.8.4/armv6-m/crtn.o
 .data          0x0000000020002520        0x0 /Users/imac/Develop/stm32f4/arm_gcc/gcc-arm-none-eabi-4_8-2014q2/bin/../lib/gcc/arm-none-eabi/4.8.4/../../../../arm-none-eabi/lib/armv6-m/libnosys.a(_exit.o)
                0x0000000020002520                . = ALIGN (0x4)
                0x0000000020002520                PROVIDE (__preinit_array_start, .)
 *(.preinit_array)
                0x0000000020002520                PROVIDE (__preinit_array_end, .)
                0x0000000020002520                . = ALIGN (0x4)
                0x0000000020002520                PROVIDE (__init_array_start, .)
 *(SORT(.init_array.*))
 *(.init_array)
 .init_array    0x0000000020002520        0x4 /Users/imac/Develop/stm32f4/arm_gcc/gcc-arm-none-eabi-4_8-2014q2/bin/../lib/gcc/arm-none-eabi/4.8.4/armv6-m/crtbegin.o
                0x0000000020002524                PROVIDE (__init_array_end, .)
                0x0000000020002524                . = ALIGN (0x4)
                0x0000000020002524                PROVIDE (__fini_array_start, .)
 *(SORT(.fini_array.*))
 *(.fini_array)
 .fini_array    0x0000000020002524        0x4 /Users/imac/Develop/stm32f4/arm_gcc/gcc-arm-none-eabi-4_8-2014q2/bin/../lib/gcc/arm-none-eabi/4.8.4/armv6-m/crtbegin.o
                0x0000000020002528                PROVIDE (__fini_array_end, .)
 *(.jcr)
 .jcr           0x0000000020002528        0x0 /Users/imac/Develop/stm32f4/arm_gcc/gcc-arm-none-eabi-4_8-2014q2/bin/../lib/gcc/arm-none-eabi/4.8.4/armv6-m/crtbegin.o
 .jcr           0x0000000020002528        0x4 /Users/imac/Develop/stm32f4/arm_gcc/gcc-arm-none-eabi-4_8-2014q2/bin/../lib/gcc/arm-none-eabi/4.8.4/armv6-m/crtend.o
                0x000000002000252c                . = ALIGN (0x4)
                0x000000002000252c                __data_end__ = .

.igot.plt       0x000000002000252c        0x0 load address 0x000000000001ec74
 .igot.plt      0x0000000000000000        0x0 /Users/imac/Develop/stm32f4/arm_gcc/gcc-arm-none-eabi-4_8-2014q2/bin/../lib/gcc/arm-none-eabi/4.8.4/armv6-m/crtbegin.o

.bss            0x000000002000252c      0x760 load address 0x000000000001ec74
                0x000000002000252c                . = ALIGN (0x4)
                0x000000002000252c                __bss_start__ = .
 *(.bss*)
 .bss           0x000000002000252c        0x0 /Users/imac/Develop/stm32f4/arm_gcc/gcc-arm-none-eabi-4_8-2014q2/bin/../lib/gcc/arm-none-eabi/4.8.4/armv6-m/crti.o
 .bss           0x000000002000252c       0x1c /Users/imac/Develop/stm32f4/arm_gcc/gcc-arm-none-eabi-4_8-2014q2/bin/../lib/gcc/arm-none-eabi/4.8.4/armv6-m/crtbegin.o
 .bss           0x0000000020002548        0x0 /Users/imac/Develop/stm32f4/arm_gcc/gcc-arm-none-eabi-4_8-2014q2/bin/../lib/gcc/arm-none-eabi/4.8.4/../../../../arm-none-eabi/lib/armv6-m/crt0.o
 .bss           0x0000000020002548        0x0 nrf51_sdk/nrf51822/Source/ble/ble_advdata.o
 .bss           0x0000000020002548       0x38 nrf51_sdk/nrf51822/Source/ble/ble_conn_params.o
 .bss           0x0000000020002580        0x0 nrf51_sdk/nrf51822/Source/ble/ble_services/ble_srv_common.o
 .bss           0x0000000020002580       0x4a nrf51_sdk/nrf51822/Source/ble/ble_services/ble_dis.o
 *fill*         0x00000000200025ca        0x2 
 .bss           0x00000000200025cc       0x18 nrf51_sdk/nrf51822/Source/sd_common/softdevice_handler.o
 .bss           0x00000000200025e4       0x2c nrf51_sdk/nrf51822/Source/app_common/app_timer.o
 .bss           0x0000000020002610      0x308 src/main.o
 .bss           0x0000000020002918        0x0 gcc_startup_nrf51.o
 .bss           0x0000000020002918        0x0 system_nrf51.o
 .bss           0x0000000020002918       0x10 src/button.o
 .bss           0x0000000020002928        0x4 src/systick.o
 .bss           0x000000002000292c       0x6c src/ble.o
 .bss           0x0000000020002998       0x84 src/ble_crazyflies.o
 .bss           0x0000000020002a1c      0x1ac src/esb.o
 .bss           0x0000000020002bc8        0x8 src/timeslot.o
 .bss           0x0000000020002bd0       0x14 src/bootloader.o
 .bss           0x0000000020002be4       0x98 src/uart.o
                0x0000000020002c78                error
 .bss           0x0000000020002c7c       0x10 src/syslink.o
 .bss           0x0000000020002c8c        0x0 src/crc.o
 .bss           0x0000000020002c8c        0x0 /Users/imac/Develop/stm32f4/arm_gcc/gcc-arm-none-eabi-4_8-2014q2/bin/../lib/gcc/arm-none-eabi/4.8.4/armv6-m/libgcc.a(_thumb1_case_uqi.o)
 .bss           0x0000000020002c8c        0x0 /Users/imac/Develop/stm32f4/arm_gcc/gcc-arm-none-eabi-4_8-2014q2/bin/../lib/gcc/arm-none-eabi/4.8.4/../../../../arm-none-eabi/lib/armv6-m/libc_s.a(lib_a-exit.o)
 .bss           0x0000000020002c8c        0x0 /Users/imac/Develop/stm32f4/arm_gcc/gcc-arm-none-eabi-4_8-2014q2/bin/../lib/gcc/arm-none-eabi/4.8.4/../../../../arm-none-eabi/lib/armv6-m/libc_s.a(lib_a-impure.o)
 .bss           0x0000000020002c8c        0x0 /Users/imac/Develop/stm32f4/arm_gcc/gcc-arm-none-eabi-4_8-2014q2/bin/../lib/gcc/arm-none-eabi/4.8.4/../../../../arm-none-eabi/lib/armv6-m/libc_s.a(lib_a-init.o)
 .bss           0x0000000020002c8c        0x0 /Users/imac/Develop/stm32f4/arm_gcc/gcc-arm-none-eabi-4_8-2014q2/bin/../lib/gcc/arm-none-eabi/4.8.4/../../../../arm-none-eabi/lib/armv6-m/libc_s.a(lib_a-memcpy-stub.o)
 .bss           0x0000000020002c8c        0x0 /Users/imac/Develop/stm32f4/arm_gcc/gcc-arm-none-eabi-4_8-2014q2/bin/../lib/gcc/arm-none-eabi/4.8.4/../../../../arm-none-eabi/lib/armv6-m/libc_s.a(lib_a-memset.o)
 .bss           0x0000000020002c8c        0x0 /Users/imac/Develop/stm32f4/arm_gcc/gcc-arm-none-eabi-4_8-2014q2/bin/../lib/gcc/arm-none-eabi/4.8.4/../../../../arm-none-eabi/lib/armv6-m/libc_s.a(lib_a-strlen.o)
 .bss           0x0000000020002c8c        0x0 /Users/imac/Develop/stm32f4/arm_gcc/gcc-arm-none-eabi-4_8-2014q2/bin/../lib/gcc/arm-none-eabi/4.8.4/armv6-m/crtend.o
 .bss           0x0000000020002c8c        0x0 /Users/imac/Develop/stm32f4/arm_gcc/gcc-arm-none-eabi-4_8-2014q2/bin/../lib/gcc/arm-none-eabi/4.8.4/armv6-m/crtn.o
 .bss           0x0000000020002c8c        0x0 /Users/imac/Develop/stm32f4/arm_gcc/gcc-arm-none-eabi-4_8-2014q2/bin/../lib/gcc/arm-none-eabi/4.8.4/../../../../arm-none-eabi/lib/armv6-m/libnosys.a(_exit.o)
 *(COMMON)
                0x0000000020002c8c                . = ALIGN (0x4)
                0x0000000020002c8c                __bss_end__ = .

.heap           0x0000000020002c90      0x800
                0x0000000020002c90                __end__ = .
                0x0000000020002c90                end = __end__
 *(.heap*)
 .heap          0x0000000020002c90      0x800 gcc_startup_nrf51.o
                0x0000000020002c90                __HeapBase
                0x0000000020003490                __HeapLimit = .

.stack_dummy    0x0000000020002c90      0x800
 *(.stack*)
 .stack         0x0000000020002c90      0x800 gcc_startup_nrf51.o
                0x0000000020004000                __StackTop = (ORIGIN (RAM) + 0x2000)
                0x0000000020003800                __StackLimit = (__StackTop - SIZEOF (.stack_dummy))
                0x0000000020004000                PROVIDE (__stack, __StackTop)
                0x0000000000000001                ASSERT ((__StackLimit >= __HeapLimit), region RAM overflowed with stack)
OUTPUT(cload_nrf.elf elf32-littlearm)

.ARM.attributes
                0x0000000000000000       0x28
 .ARM.attributes
                0x0000000000000000       0x1e /Users/imac/Develop/stm32f4/arm_gcc/gcc-arm-none-eabi-4_8-2014q2/bin/../lib/gcc/arm-none-eabi/4.8.4/armv6-m/crti.o
 .ARM.attributes
                0x000000000000001e       0x2c /Users/imac/Develop/stm32f4/arm_gcc/gcc-arm-none-eabi-4_8-2014q2/bin/../lib/gcc/arm-none-eabi/4.8.4/armv6-m/crtbegin.o
 .ARM.attributes
                0x000000000000004a       0x1b /Users/imac/Develop/stm32f4/arm_gcc/gcc-arm-none-eabi-4_8-2014q2/bin/../lib/gcc/arm-none-eabi/4.8.4/../../../../arm-none-eabi/lib/armv6-m/crt0.o
 .ARM.attributes
                0x0000000000000065       0x31 nrf51_sdk/nrf51822/Source/ble/ble_advdata.o
 .ARM.attributes
                0x0000000000000096       0x31 nrf51_sdk/nrf51822/Source/ble/ble_conn_params.o
 .ARM.attributes
                0x00000000000000c7       0x31 nrf51_sdk/nrf51822/Source/ble/ble_services/ble_srv_common.o
 .ARM.attributes
                0x00000000000000f8       0x31 nrf51_sdk/nrf51822/Source/ble/ble_services/ble_dis.o
 .ARM.attributes
                0x0000000000000129       0x31 nrf51_sdk/nrf51822/Source/sd_common/softdevice_handler.o
 .ARM.attributes
                0x000000000000015a       0x31 nrf51_sdk/nrf51822/Source/app_common/app_timer.o
 .ARM.attributes
                0x000000000000018b       0x31 src/main.o
 .ARM.attributes
                0x00000000000001bc       0x1b gcc_startup_nrf51.o
 .ARM.attributes
                0x00000000000001d7       0x31 system_nrf51.o
 .ARM.attributes
                0x0000000000000208       0x31 src/button.o
 .ARM.attributes
                0x0000000000000239       0x31 src/systick.o
 .ARM.attributes
                0x000000000000026a       0x31 src/ble.o
 .ARM.attributes
                0x000000000000029b       0x31 src/ble_crazyflies.o
 .ARM.attributes
                0x00000000000002cc       0x31 src/esb.o
 .ARM.attributes
                0x00000000000002fd       0x31 src/timeslot.o
 .ARM.attributes
                0x000000000000032e       0x31 src/bootloader.o
 .ARM.attributes
                0x000000000000035f       0x31 src/uart.o
 .ARM.attributes
                0x0000000000000390       0x31 src/syslink.o
 .ARM.attributes
                0x00000000000003c1       0x31 src/crc.o
 .ARM.attributes
                0x00000000000003f2       0x1e /Users/imac/Develop/stm32f4/arm_gcc/gcc-arm-none-eabi-4_8-2014q2/bin/../lib/gcc/arm-none-eabi/4.8.4/armv6-m/libgcc.a(_thumb1_case_uqi.o)
 .ARM.attributes
                0x0000000000000410       0x2c /Users/imac/Develop/stm32f4/arm_gcc/gcc-arm-none-eabi-4_8-2014q2/bin/../lib/gcc/arm-none-eabi/4.8.4/../../../../arm-none-eabi/lib/armv6-m/libc_s.a(lib_a-exit.o)
 .ARM.attributes
                0x000000000000043c       0x2c /Users/imac/Develop/stm32f4/arm_gcc/gcc-arm-none-eabi-4_8-2014q2/bin/../lib/gcc/arm-none-eabi/4.8.4/../../../../arm-none-eabi/lib/armv6-m/libc_s.a(lib_a-impure.o)
 .ARM.attributes
                0x0000000000000468       0x2c /Users/imac/Develop/stm32f4/arm_gcc/gcc-arm-none-eabi-4_8-2014q2/bin/../lib/gcc/arm-none-eabi/4.8.4/../../../../arm-none-eabi/lib/armv6-m/libc_s.a(lib_a-init.o)
 .ARM.attributes
                0x0000000000000494       0x2c /Users/imac/Develop/stm32f4/arm_gcc/gcc-arm-none-eabi-4_8-2014q2/bin/../lib/gcc/arm-none-eabi/4.8.4/../../../../arm-none-eabi/lib/armv6-m/libc_s.a(lib_a-memcpy-stub.o)
 .ARM.attributes
                0x00000000000004c0       0x2c /Users/imac/Develop/stm32f4/arm_gcc/gcc-arm-none-eabi-4_8-2014q2/bin/../lib/gcc/arm-none-eabi/4.8.4/../../../../arm-none-eabi/lib/armv6-m/libc_s.a(lib_a-memset.o)
 .ARM.attributes
                0x00000000000004ec       0x2c /Users/imac/Develop/stm32f4/arm_gcc/gcc-arm-none-eabi-4_8-2014q2/bin/../lib/gcc/arm-none-eabi/4.8.4/../../../../arm-none-eabi/lib/armv6-m/libc_s.a(lib_a-strlen.o)
 .ARM.attributes
                0x0000000000000518       0x2c /Users/imac/Develop/stm32f4/arm_gcc/gcc-arm-none-eabi-4_8-2014q2/bin/../lib/gcc/arm-none-eabi/4.8.4/armv6-m/crtend.o
 .ARM.attributes
                0x0000000000000544       0x1e /Users/imac/Develop/stm32f4/arm_gcc/gcc-arm-none-eabi-4_8-2014q2/bin/../lib/gcc/arm-none-eabi/4.8.4/armv6-m/crtn.o
 .ARM.attributes
                0x0000000000000562       0x2c /Users/imac/Develop/stm32f4/arm_gcc/gcc-arm-none-eabi-4_8-2014q2/bin/../lib/gcc/arm-none-eabi/4.8.4/../../../../arm-none-eabi/lib/armv6-m/libnosys.a(_exit.o)

.comment        0x0000000000000000       0x70
 .comment       0x0000000000000000       0x70 nrf51_sdk/nrf51822/Source/ble/ble_advdata.o
                                         0x71 (size before relaxing)
 .comment       0x0000000000000000       0x71 nrf51_sdk/nrf51822/Source/ble/ble_conn_params.o
 .comment       0x0000000000000000       0x71 nrf51_sdk/nrf51822/Source/ble/ble_services/ble_srv_common.o
 .comment       0x0000000000000000       0x71 nrf51_sdk/nrf51822/Source/ble/ble_services/ble_dis.o
 .comment       0x0000000000000000       0x71 nrf51_sdk/nrf51822/Source/sd_common/softdevice_handler.o
 .comment       0x0000000000000000       0x71 nrf51_sdk/nrf51822/Source/app_common/app_timer.o
 .comment       0x0000000000000000       0x71 src/main.o
 .comment       0x0000000000000000       0x71 system_nrf51.o
 .comment       0x0000000000000000       0x71 src/button.o
 .comment       0x0000000000000000       0x71 src/systick.o
 .comment       0x0000000000000000       0x71 src/ble.o
 .comment       0x0000000000000000       0x71 src/ble_crazyflies.o
 .comment       0x0000000000000000       0x71 src/esb.o
 .comment       0x0000000000000000       0x71 src/timeslot.o
 .comment       0x0000000000000000       0x71 src/bootloader.o
 .comment       0x0000000000000000       0x71 src/uart.o
 .comment       0x0000000000000000       0x71 src/syslink.o
 .comment       0x0000000000000000       0x71 src/crc.o

.debug_info     0x0000000000000000     0xfdb4
 .debug_info    0x0000000000000000      0xf3d nrf51_sdk/nrf51822/Source/ble/ble_advdata.o
 .debug_info    0x0000000000000f3d     0x1964 nrf51_sdk/nrf51822/Source/ble/ble_conn_params.o
 .debug_info    0x00000000000028a1      0x1cf nrf51_sdk/nrf51822/Source/ble/ble_services/ble_srv_common.o
 .debug_info    0x0000000000002a70      0xcd1 nrf51_sdk/nrf51822/Source/ble/ble_services/ble_dis.o
 .debug_info    0x0000000000003741     0x17c8 nrf51_sdk/nrf51822/Source/sd_common/softdevice_handler.o
 .debug_info    0x0000000000004f09     0x19e3 nrf51_sdk/nrf51822/Source/app_common/app_timer.o
 .debug_info    0x00000000000068ec     0x1916 src/main.o
 .debug_info    0x0000000000008202      0x1f8 system_nrf51.o
 .debug_info    0x00000000000083fa      0x2f6 src/button.o
 .debug_info    0x00000000000086f0      0x4e5 src/systick.o
 .debug_info    0x0000000000008bd5     0x245f src/ble.o
 .debug_info    0x000000000000b034     0x1a05 src/ble_crazyflies.o
 .debug_info    0x000000000000ca39      0xcb4 src/esb.o
 .debug_info    0x000000000000d6ed      0xa26 src/timeslot.o
 .debug_info    0x000000000000e113      0xfee src/bootloader.o
 .debug_info    0x000000000000f101      0x847 src/uart.o
 .debug_info    0x000000000000f948      0x2a8 src/syslink.o
 .debug_info    0x000000000000fbf0      0x1c4 src/crc.o

.debug_abbrev   0x0000000000000000     0x2fb8
 .debug_abbrev  0x0000000000000000      0x2df nrf51_sdk/nrf51822/Source/ble/ble_advdata.o
 .debug_abbrev  0x00000000000002df      0x3fa nrf51_sdk/nrf51822/Source/ble/ble_conn_params.o
 .debug_abbrev  0x00000000000006d9       0xfa nrf51_sdk/nrf51822/Source/ble/ble_services/ble_srv_common.o
 .debug_abbrev  0x00000000000007d3      0x291 nrf51_sdk/nrf51822/Source/ble/ble_services/ble_dis.o
 .debug_abbrev  0x0000000000000a64      0x372 nrf51_sdk/nrf51822/Source/sd_common/softdevice_handler.o
 .debug_abbrev  0x0000000000000dd6      0x41f nrf51_sdk/nrf51822/Source/app_common/app_timer.o
 .debug_abbrev  0x00000000000011f5      0x438 src/main.o
 .debug_abbrev  0x000000000000162d      0x10d system_nrf51.o
 .debug_abbrev  0x000000000000173a      0x181 src/button.o
 .debug_abbrev  0x00000000000018bb      0x14b src/systick.o
 .debug_abbrev  0x0000000000001a06      0x441 src/ble.o
 .debug_abbrev  0x0000000000001e47      0x330 src/ble_crazyflies.o
 .debug_abbrev  0x0000000000002177      0x39a src/esb.o
 .debug_abbrev  0x0000000000002511      0x269 src/timeslot.o
 .debug_abbrev  0x000000000000277a      0x3a0 src/bootloader.o
 .debug_abbrev  0x0000000000002b1a      0x226 src/uart.o
 .debug_abbrev  0x0000000000002d40      0x153 src/syslink.o
 .debug_abbrev  0x0000000000002e93      0x125 src/crc.o

.debug_loc      0x0000000000000000     0x31e5
 .debug_loc     0x0000000000000000      0x930 nrf51_sdk/nrf51822/Source/ble/ble_advdata.o
 .debug_loc     0x0000000000000930      0x314 nrf51_sdk/nrf51822/Source/ble/ble_conn_params.o
 .debug_loc     0x0000000000000c44       0x9a nrf51_sdk/nrf51822/Source/ble/ble_services/ble_srv_common.o
 .debug_loc     0x0000000000000cde      0x322 nrf51_sdk/nrf51822/Source/ble/ble_services/ble_dis.o
 .debug_loc     0x0000000000001000      0x2e0 nrf51_sdk/nrf51822/Source/sd_common/softdevice_handler.o
 .debug_loc     0x00000000000012e0      0xd2a nrf51_sdk/nrf51822/Source/app_common/app_timer.o
 .debug_loc     0x000000000000200a      0x12f src/main.o
 .debug_loc     0x0000000000002139      0x34c src/ble.o
 .debug_loc     0x0000000000002485      0x178 src/ble_crazyflies.o
 .debug_loc     0x00000000000025fd      0x20d src/esb.o
 .debug_loc     0x000000000000280a      0x11d src/timeslot.o
 .debug_loc     0x0000000000002927      0x429 src/bootloader.o
 .debug_loc     0x0000000000002d50       0xf8 src/uart.o
 .debug_loc     0x0000000000002e48      0x1d2 src/syslink.o
 .debug_loc     0x000000000000301a      0x1cb src/crc.o

.debug_aranges  0x0000000000000000      0x270
 .debug_aranges
                0x0000000000000000       0x20 nrf51_sdk/nrf51822/Source/ble/ble_advdata.o
 .debug_aranges
                0x0000000000000020       0x20 nrf51_sdk/nrf51822/Source/ble/ble_conn_params.o
 .debug_aranges
                0x0000000000000040       0x20 nrf51_sdk/nrf51822/Source/ble/ble_services/ble_srv_common.o
 .debug_aranges
                0x0000000000000060       0x20 nrf51_sdk/nrf51822/Source/ble/ble_services/ble_dis.o
 .debug_aranges
                0x0000000000000080       0x20 nrf51_sdk/nrf51822/Source/sd_common/softdevice_handler.o
 .debug_aranges
                0x00000000000000a0       0x20 nrf51_sdk/nrf51822/Source/app_common/app_timer.o
 .debug_aranges
                0x00000000000000c0       0x28 src/main.o
 .debug_aranges
                0x00000000000000e8       0x20 system_nrf51.o
 .debug_aranges
                0x0000000000000108       0x20 src/button.o
 .debug_aranges
                0x0000000000000128       0x20 src/systick.o
 .debug_aranges
                0x0000000000000148       0x48 src/ble.o
 .debug_aranges
                0x0000000000000190       0x20 src/ble_crazyflies.o
 .debug_aranges
                0x00000000000001b0       0x20 src/esb.o
 .debug_aranges
                0x00000000000001d0       0x20 src/timeslot.o
 .debug_aranges
                0x00000000000001f0       0x20 src/bootloader.o
 .debug_aranges
                0x0000000000000210       0x20 src/uart.o
 .debug_aranges
                0x0000000000000230       0x20 src/syslink.o
 .debug_aranges
                0x0000000000000250       0x20 src/crc.o

.debug_ranges   0x0000000000000000      0x5e8
 .debug_ranges  0x0000000000000000       0xd0 nrf51_sdk/nrf51822/Source/ble/ble_advdata.o
 .debug_ranges  0x00000000000000d0       0x10 nrf51_sdk/nrf51822/Source/ble/ble_conn_params.o
 .debug_ranges  0x00000000000000e0       0x10 nrf51_sdk/nrf51822/Source/ble/ble_services/ble_dis.o
 .debug_ranges  0x00000000000000f0       0x10 nrf51_sdk/nrf51822/Source/sd_common/softdevice_handler.o
 .debug_ranges  0x0000000000000100      0x320 nrf51_sdk/nrf51822/Source/app_common/app_timer.o
 .debug_ranges  0x0000000000000420       0x88 src/main.o
 .debug_ranges  0x00000000000004a8       0x18 system_nrf51.o
 .debug_ranges  0x00000000000004c0       0x18 src/button.o
 .debug_ranges  0x00000000000004d8       0x68 src/ble.o
 .debug_ranges  0x0000000000000540       0x10 src/ble_crazyflies.o
 .debug_ranges  0x0000000000000550       0x18 src/esb.o
 .debug_ranges  0x0000000000000568       0x10 src/timeslot.o
 .debug_ranges  0x0000000000000578       0x58 src/bootloader.o
 .debug_ranges  0x00000000000005d0       0x18 src/uart.o

.debug_macro    0x0000000000000000     0xd5c5
 .debug_macro   0x0000000000000000      0x1c9 nrf51_sdk/nrf51822/Source/ble/ble_advdata.o
 .debug_macro   0x00000000000001c9      0x814 nrf51_sdk/nrf51822/Source/ble/ble_advdata.o
 .debug_macro   0x00000000000009dd       0x16 nrf51_sdk/nrf51822/Source/ble/ble_advdata.o
 .debug_macro   0x00000000000009f3       0x44 nrf51_sdk/nrf51822/Source/ble/ble_advdata.o
 .debug_macro   0x0000000000000a37      0x209 nrf51_sdk/nrf51822/Source/ble/ble_advdata.o
 .debug_macro   0x0000000000000c40       0x22 nrf51_sdk/nrf51822/Source/ble/ble_advdata.o
 .debug_macro   0x0000000000000c62       0x58 nrf51_sdk/nrf51822/Source/ble/ble_advdata.o
 .debug_macro   0x0000000000000cba       0x35 nrf51_sdk/nrf51822/Source/ble/ble_advdata.o
 .debug_macro   0x0000000000000cef       0xa2 nrf51_sdk/nrf51822/Source/ble/ble_advdata.o
 .debug_macro   0x0000000000000d91      0x166 nrf51_sdk/nrf51822/Source/ble/ble_advdata.o
 .debug_macro   0x0000000000000ef7       0x52 nrf51_sdk/nrf51822/Source/ble/ble_advdata.o
 .debug_macro   0x0000000000000f49       0x16 nrf51_sdk/nrf51822/Source/ble/ble_advdata.o
 .debug_macro   0x0000000000000f5f       0x43 nrf51_sdk/nrf51822/Source/ble/ble_advdata.o
 .debug_macro   0x0000000000000fa2      0x180 nrf51_sdk/nrf51822/Source/ble/ble_advdata.o
 .debug_macro   0x0000000000001122      0x2a6 nrf51_sdk/nrf51822/Source/ble/ble_advdata.o
 .debug_macro   0x00000000000013c8       0x10 nrf51_sdk/nrf51822/Source/ble/ble_advdata.o
 .debug_macro   0x00000000000013d8       0x35 nrf51_sdk/nrf51822/Source/ble/ble_advdata.o
 .debug_macro   0x000000000000140d       0x1f nrf51_sdk/nrf51822/Source/ble/ble_advdata.o
 .debug_macro   0x000000000000142c       0xd6 nrf51_sdk/nrf51822/Source/ble/ble_advdata.o
 .debug_macro   0x0000000000001502      0x1e1 nrf51_sdk/nrf51822/Source/ble/ble_advdata.o
 .debug_macro   0x00000000000016e3       0x10 nrf51_sdk/nrf51822/Source/ble/ble_advdata.o
 .debug_macro   0x00000000000016f3      0x308 nrf51_sdk/nrf51822/Source/ble/ble_advdata.o
 .debug_macro   0x00000000000019fb       0x8e nrf51_sdk/nrf51822/Source/ble/ble_advdata.o
 .debug_macro   0x0000000000001a89       0x34 nrf51_sdk/nrf51822/Source/ble/ble_advdata.o
 .debug_macro   0x0000000000001abd       0x22 nrf51_sdk/nrf51822/Source/ble/ble_advdata.o
 .debug_macro   0x0000000000001adf      0x1d5 nrf51_sdk/nrf51822/Source/ble/ble_advdata.o
 .debug_macro   0x0000000000001cb4       0x16 nrf51_sdk/nrf51822/Source/ble/ble_advdata.o
 .debug_macro   0x0000000000001cca       0xb8 nrf51_sdk/nrf51822/Source/ble/ble_advdata.o
 .debug_macro   0x0000000000001d82       0x1c nrf51_sdk/nrf51822/Source/ble/ble_advdata.o
 .debug_macro   0x0000000000001d9e       0x1c nrf51_sdk/nrf51822/Source/ble/ble_advdata.o
 .debug_macro   0x0000000000001dba       0x22 nrf51_sdk/nrf51822/Source/ble/ble_advdata.o
 .debug_macro   0x0000000000001ddc       0xf4 nrf51_sdk/nrf51822/Source/ble/ble_advdata.o
 .debug_macro   0x0000000000001ed0      0x245 nrf51_sdk/nrf51822/Source/ble/ble_advdata.o
 .debug_macro   0x0000000000002115      0x23a nrf51_sdk/nrf51822/Source/ble/ble_conn_params.o
 .debug_macro   0x000000000000234f       0x16 nrf51_sdk/nrf51822/Source/ble/ble_conn_params.o
 .debug_macro   0x0000000000002365      0x10e nrf51_sdk/nrf51822/Source/ble/ble_conn_params.o
 .debug_macro   0x0000000000002473       0x7f nrf51_sdk/nrf51822/Source/ble/ble_conn_params.o
 .debug_macro   0x00000000000024f2       0x16 nrf51_sdk/nrf51822/Source/ble/ble_conn_params.o
 .debug_macro   0x0000000000002508       0x29 nrf51_sdk/nrf51822/Source/ble/ble_conn_params.o
 .debug_macro   0x0000000000002531       0xa6 nrf51_sdk/nrf51822/Source/ble/ble_conn_params.o
 .debug_macro   0x00000000000025d7       0x1c nrf51_sdk/nrf51822/Source/ble/ble_conn_params.o
 .debug_macro   0x00000000000025f3       0x10 nrf51_sdk/nrf51822/Source/ble/ble_conn_params.o
 .debug_macro   0x0000000000002603       0x10 nrf51_sdk/nrf51822/Source/ble/ble_conn_params.o
 .debug_macro   0x0000000000002613       0x22 nrf51_sdk/nrf51822/Source/ble/ble_conn_params.o
 .debug_macro   0x0000000000002635       0xbd nrf51_sdk/nrf51822/Source/ble/ble_conn_params.o
 .debug_macro   0x00000000000026f2       0x16 nrf51_sdk/nrf51822/Source/ble/ble_conn_params.o
 .debug_macro   0x0000000000002708      0x16c nrf51_sdk/nrf51822/Source/ble/ble_conn_params.o
 .debug_macro   0x0000000000002874       0x16 nrf51_sdk/nrf51822/Source/ble/ble_conn_params.o
 .debug_macro   0x000000000000288a       0x1c nrf51_sdk/nrf51822/Source/ble/ble_conn_params.o
 .debug_macro   0x00000000000028a6       0x41 nrf51_sdk/nrf51822/Source/ble/ble_conn_params.o
 .debug_macro   0x00000000000028e7      0x177 nrf51_sdk/nrf51822/Source/ble/ble_services/ble_srv_common.o
 .debug_macro   0x0000000000002a5e      0x203 nrf51_sdk/nrf51822/Source/ble/ble_services/ble_dis.o
 .debug_macro   0x0000000000002c61       0x10 nrf51_sdk/nrf51822/Source/ble/ble_services/ble_dis.o
 .debug_macro   0x0000000000002c71       0xb2 nrf51_sdk/nrf51822/Source/ble/ble_services/ble_dis.o
 .debug_macro   0x0000000000002d23      0x259 nrf51_sdk/nrf51822/Source/sd_common/softdevice_handler.o
 .debug_macro   0x0000000000002f7c       0x4a nrf51_sdk/nrf51822/Source/sd_common/softdevice_handler.o
 .debug_macro   0x0000000000002fc6       0x22 nrf51_sdk/nrf51822/Source/sd_common/softdevice_handler.o
 .debug_macro   0x0000000000002fe8       0x3a nrf51_sdk/nrf51822/Source/sd_common/softdevice_handler.o
 .debug_macro   0x0000000000003022      0x20f nrf51_sdk/nrf51822/Source/sd_common/softdevice_handler.o
 .debug_macro   0x0000000000003231       0x1f nrf51_sdk/nrf51822/Source/sd_common/softdevice_handler.o
 .debug_macro   0x0000000000003250      0x242 nrf51_sdk/nrf51822/Source/sd_common/softdevice_handler.o
 .debug_macro   0x0000000000003492      0x1d2 nrf51_sdk/nrf51822/Source/sd_common/softdevice_handler.o
 .debug_macro   0x0000000000003664     0x74a3 nrf51_sdk/nrf51822/Source/sd_common/softdevice_handler.o
 .debug_macro   0x000000000000ab07       0x40 nrf51_sdk/nrf51822/Source/sd_common/softdevice_handler.o
 .debug_macro   0x000000000000ab47       0x64 nrf51_sdk/nrf51822/Source/sd_common/softdevice_handler.o
 .debug_macro   0x000000000000abab       0x1c nrf51_sdk/nrf51822/Source/sd_common/softdevice_handler.o
 .debug_macro   0x000000000000abc7       0x16 nrf51_sdk/nrf51822/Source/sd_common/softdevice_handler.o
 .debug_macro   0x000000000000abdd       0x10 nrf51_sdk/nrf51822/Source/sd_common/softdevice_handler.o
 .debug_macro   0x000000000000abed      0x30e nrf51_sdk/nrf51822/Source/sd_common/softdevice_handler.o
 .debug_macro   0x000000000000aefb       0x3a nrf51_sdk/nrf51822/Source/sd_common/softdevice_handler.o
 .debug_macro   0x000000000000af35       0x10 nrf51_sdk/nrf51822/Source/sd_common/softdevice_handler.o
 .debug_macro   0x000000000000af45       0x10 nrf51_sdk/nrf51822/Source/sd_common/softdevice_handler.o
 .debug_macro   0x000000000000af55       0x16 nrf51_sdk/nrf51822/Source/sd_common/softdevice_handler.o
 .debug_macro   0x000000000000af6b       0x10 nrf51_sdk/nrf51822/Source/sd_common/softdevice_handler.o
 .debug_macro   0x000000000000af7b      0x27d nrf51_sdk/nrf51822/Source/app_common/app_timer.o
 .debug_macro   0x000000000000b1f8       0x16 nrf51_sdk/nrf51822/Source/app_common/app_timer.o
 .debug_macro   0x000000000000b20e       0x97 nrf51_sdk/nrf51822/Source/app_common/app_timer.o
 .debug_macro   0x000000000000b2a5       0xef nrf51_sdk/nrf51822/Source/app_common/app_timer.o
 .debug_macro   0x000000000000b394      0x963 nrf51_sdk/nrf51822/Source/app_common/app_timer.o
 .debug_macro   0x000000000000bcf7       0x28 nrf51_sdk/nrf51822/Source/app_common/app_timer.o
 .debug_macro   0x000000000000bd1f      0x357 src/main.o
 .debug_macro   0x000000000000c076       0xbe src/main.o
 .debug_macro   0x000000000000c134       0x28 src/main.o
 .debug_macro   0x000000000000c15c       0x4c src/main.o
 .debug_macro   0x000000000000c1a8       0x1c src/main.o
 .debug_macro   0x000000000000c1c4       0x10 src/main.o
 .debug_macro   0x000000000000c1d4       0x84 src/main.o
 .debug_macro   0x000000000000c258       0xbe system_nrf51.o
 .debug_macro   0x000000000000c316       0xe4 src/button.o
 .debug_macro   0x000000000000c3fa       0xab src/systick.o
 .debug_macro   0x000000000000c4a5      0x41a src/ble.o
 .debug_macro   0x000000000000c8bf       0x3a src/ble.o
 .debug_macro   0x000000000000c8f9       0x16 src/ble.o
 .debug_macro   0x000000000000c90f       0x46 src/ble.o
 .debug_macro   0x000000000000c955       0x16 src/ble.o
 .debug_macro   0x000000000000c96b       0x2e src/ble.o
 .debug_macro   0x000000000000c999      0x1c7 src/ble_crazyflies.o
 .debug_macro   0x000000000000cb60      0x1db src/ble_crazyflies.o
 .debug_macro   0x000000000000cd3b      0x1ce src/esb.o
 .debug_macro   0x000000000000cf09      0x1a5 src/timeslot.o
 .debug_macro   0x000000000000d0ae      0x221 src/bootloader.o
 .debug_macro   0x000000000000d2cf       0x46 src/bootloader.o
 .debug_macro   0x000000000000d315       0xcd src/uart.o
 .debug_macro   0x000000000000d3e2       0xe8 src/syslink.o
 .debug_macro   0x000000000000d4ca       0x46 src/syslink.o
 .debug_macro   0x000000000000d510       0x75 src/crc.o
 .debug_macro   0x000000000000d585       0x40 src/crc.o

.debug_line     0x0000000000000000     0x593c
 .debug_line    0x0000000000000000      0x65c nrf51_sdk/nrf51822/Source/ble/ble_advdata.o
 .debug_line    0x000000000000065c      0x596 nrf51_sdk/nrf51822/Source/ble/ble_conn_params.o
 .debug_line    0x0000000000000bf2      0x482 nrf51_sdk/nrf51822/Source/ble/ble_services/ble_srv_common.o
 .debug_line    0x0000000000001074      0x573 nrf51_sdk/nrf51822/Source/ble/ble_services/ble_dis.o
 .debug_line    0x00000000000015e7      0x5e1 nrf51_sdk/nrf51822/Source/sd_common/softdevice_handler.o
 .debug_line    0x0000000000001bc8      0x8b9 nrf51_sdk/nrf51822/Source/app_common/app_timer.o
 .debug_line    0x0000000000002481      0x766 src/main.o
 .debug_line    0x0000000000002be7      0x2cd system_nrf51.o
 .debug_line    0x0000000000002eb4      0x32e src/button.o
 .debug_line    0x00000000000031e2      0x2c3 src/systick.o
 .debug_line    0x00000000000034a5      0x81c src/ble.o
 .debug_line    0x0000000000003cc1      0x531 src/ble_crazyflies.o
 .debug_line    0x00000000000041f2      0x4b5 src/esb.o
 .debug_line    0x00000000000046a7      0x3ee src/timeslot.o
 .debug_line    0x0000000000004a95      0x5e4 src/bootloader.o
 .debug_line    0x0000000000005079      0x347 src/uart.o
 .debug_line    0x00000000000053c0      0x34c src/syslink.o
 .debug_line    0x000000000000570c      0x230 src/crc.o

.debug_str      0x0000000000000000    0x3de61
 .debug_str     0x0000000000000000     0xa7aa nrf51_sdk/nrf51822/Source/ble/ble_advdata.o
                                       0xaa07 (size before relaxing)
 .debug_str     0x000000000000a7aa     0x270f nrf51_sdk/nrf51822/Source/ble/ble_conn_params.o
                                       0xbc4b (size before relaxing)
 .debug_str     0x000000000000ceb9       0xe4 nrf51_sdk/nrf51822/Source/ble/ble_services/ble_srv_common.o
                                       0x9ca7 (size before relaxing)
 .debug_str     0x000000000000cf9d      0x673 nrf51_sdk/nrf51822/Source/ble/ble_services/ble_dis.o
                                       0xab03 (size before relaxing)
 .debug_str     0x000000000000d610    0x29bf1 nrf51_sdk/nrf51822/Source/sd_common/softdevice_handler.o
                                      0x32f2f (size before relaxing)
 .debug_str     0x0000000000037201     0x3e2d nrf51_sdk/nrf51822/Source/app_common/app_timer.o
                                      0x32d6d (size before relaxing)
 .debug_str     0x000000000003b02e      0xfc1 src/main.o
                                      0x379a2 (size before relaxing)
 .debug_str     0x000000000003bfef       0xf0 system_nrf51.o
                                      0x2ea94 (size before relaxing)
 .debug_str     0x000000000003c0df       0x53 src/button.o
                                      0x2ee96 (size before relaxing)
 .debug_str     0x000000000003c132       0x25 src/systick.o
                                      0x2ec2a (size before relaxing)
 .debug_str     0x000000000003c157      0xc2d src/ble.o
                                      0x39cbd (size before relaxing)
 .debug_str     0x000000000003cd84      0x154 src/ble_crazyflies.o
                                       0xa2b3 (size before relaxing)
 .debug_str     0x000000000003ced8      0x3c5 src/esb.o
                                      0x31718 (size before relaxing)
 .debug_str     0x000000000003d29d      0x555 src/timeslot.o
                                      0x317b4 (size before relaxing)
 .debug_str     0x000000000003d7f2      0x35f src/bootloader.o
                                      0x35cad (size before relaxing)
 .debug_str     0x000000000003db51      0x152 src/uart.o
                                      0x2efda (size before relaxing)
 .debug_str     0x000000000003dca3       0xc3 src/syslink.o
                                      0x2ee29 (size before relaxing)
 .debug_str     0x000000000003dd66       0xfb src/crc.o
                                       0x2f29 (size before relaxing)

.debug_frame    0x0000000000000000      0xc50
 .debug_frame   0x0000000000000000       0xd4 nrf51_sdk/nrf51822/Source/ble/ble_advdata.o
 .debug_frame   0x00000000000000d4       0xf8 nrf51_sdk/nrf51822/Source/ble/ble_conn_params.o
 .debug_frame   0x00000000000001cc       0x3c nrf51_sdk/nrf51822/Source/ble/ble_services/ble_srv_common.o
 .debug_frame   0x0000000000000208       0x70 nrf51_sdk/nrf51822/Source/ble/ble_services/ble_dis.o
 .debug_frame   0x0000000000000278      0x108 nrf51_sdk/nrf51822/Source/sd_common/softdevice_handler.o
 .debug_frame   0x0000000000000380      0x168 nrf51_sdk/nrf51822/Source/app_common/app_timer.o
 .debug_frame   0x00000000000004e8       0x94 src/main.o
 .debug_frame   0x000000000000057c       0x38 system_nrf51.o
 .debug_frame   0x00000000000005b4       0x54 src/button.o
 .debug_frame   0x0000000000000608       0x40 src/systick.o
 .debug_frame   0x0000000000000648      0x138 src/ble.o
 .debug_frame   0x0000000000000780       0xcc src/ble_crazyflies.o
 .debug_frame   0x000000000000084c      0x118 src/esb.o
 .debug_frame   0x0000000000000964       0x78 src/timeslot.o
 .debug_frame   0x00000000000009dc       0x70 src/bootloader.o
 .debug_frame   0x0000000000000a4c       0xac src/uart.o
 .debug_frame   0x0000000000000af8       0x4c src/syslink.o
 .debug_frame   0x0000000000000b44       0x30 src/crc.o
 .debug_frame   0x0000000000000b74       0x28 /Users/imac/Develop/stm32f4/arm_gcc/gcc-arm-none-eabi-4_8-2014q2/bin/../lib/gcc/arm-none-eabi/4.8.4/../../../../arm-none-eabi/lib/armv6-m/libc_s.a(lib_a-exit.o)
 .debug_frame   0x0000000000000b9c       0x2c /Users/imac/Develop/stm32f4/arm_gcc/gcc-arm-none-eabi-4_8-2014q2/bin/../lib/gcc/arm-none-eabi/4.8.4/../../../../arm-none-eabi/lib/armv6-m/libc_s.a(lib_a-init.o)
 .debug_frame   0x0000000000000bc8       0x28 /Users/imac/Develop/stm32f4/arm_gcc/gcc-arm-none-eabi-4_8-2014q2/bin/../lib/gcc/arm-none-eabi/4.8.4/../../../../arm-none-eabi/lib/armv6-m/libc_s.a(lib_a-memcpy-stub.o)
 .debug_frame   0x0000000000000bf0       0x20 /Users/imac/Develop/stm32f4/arm_gcc/gcc-arm-none-eabi-4_8-2014q2/bin/../lib/gcc/arm-none-eabi/4.8.4/../../../../arm-none-eabi/lib/armv6-m/libc_s.a(lib_a-memset.o)
 .debug_frame   0x0000000000000c10       0x20 /Users/imac/Develop/stm32f4/arm_gcc/gcc-arm-none-eabi-4_8-2014q2/bin/../lib/gcc/arm-none-eabi/4.8.4/../../../../arm-none-eabi/lib/armv6-m/libc_s.a(lib_a-strlen.o)
 .debug_frame   0x0000000000000c30       0x20 /Users/imac/Develop/stm32f4/arm_gcc/gcc-arm-none-eabi-4_8-2014q2/bin/../lib/gcc/arm-none-eabi/4.8.4/../../../../arm-none-eabi/lib/armv6-m/libnosys.a(_exit.o)
