Archive member included because of file (symbol)

/Users/Baram/gcc-arm-none-eabi/bin/../lib/gcc/arm-none-eabi/4.9.3/armv6-m/libgcc.a(_thumb1_case_uqi.o)
                              src/ble.o (__gnu_thumb1_case_uqi)
/Users/Baram/gcc-arm-none-eabi/bin/../lib/gcc/arm-none-eabi/4.9.3/../../../../arm-none-eabi/lib/armv6-m/libc_nano.a(lib_a-exit.o)
                              /Users/Baram/gcc-arm-none-eabi/bin/../lib/gcc/arm-none-eabi/4.9.3/../../../../arm-none-eabi/lib/armv6-m/crt0.o (exit)
/Users/Baram/gcc-arm-none-eabi/bin/../lib/gcc/arm-none-eabi/4.9.3/../../../../arm-none-eabi/lib/armv6-m/libc_nano.a(lib_a-impure.o)
                              /Users/Baram/gcc-arm-none-eabi/bin/../lib/gcc/arm-none-eabi/4.9.3/../../../../arm-none-eabi/lib/armv6-m/libc_nano.a(lib_a-exit.o) (_global_impure_ptr)
/Users/Baram/gcc-arm-none-eabi/bin/../lib/gcc/arm-none-eabi/4.9.3/../../../../arm-none-eabi/lib/armv6-m/libc_nano.a(lib_a-init.o)
                              /Users/Baram/gcc-arm-none-eabi/bin/../lib/gcc/arm-none-eabi/4.9.3/../../../../arm-none-eabi/lib/armv6-m/crt0.o (__libc_init_array)
/Users/Baram/gcc-arm-none-eabi/bin/../lib/gcc/arm-none-eabi/4.9.3/../../../../arm-none-eabi/lib/armv6-m/libc_nano.a(lib_a-memcpy.o)
                              nrf51_sdk/nrf51822/Source/ble/ble_advdata.o (memcpy)
/Users/Baram/gcc-arm-none-eabi/bin/../lib/gcc/arm-none-eabi/4.9.3/../../../../arm-none-eabi/lib/armv6-m/libc_nano.a(lib_a-memset.o)
                              /Users/Baram/gcc-arm-none-eabi/bin/../lib/gcc/arm-none-eabi/4.9.3/../../../../arm-none-eabi/lib/armv6-m/crt0.o (memset)
/Users/Baram/gcc-arm-none-eabi/bin/../lib/gcc/arm-none-eabi/4.9.3/../../../../arm-none-eabi/lib/armv6-m/libc_nano.a(lib_a-strlen.o)
                              nrf51_sdk/nrf51822/Source/ble/ble_services/ble_srv_common.o (strlen)
/Users/Baram/gcc-arm-none-eabi/bin/../lib/gcc/arm-none-eabi/4.9.3/../../../../arm-none-eabi/lib/armv6-m/libnosys.a(_exit.o)
                              /Users/Baram/gcc-arm-none-eabi/bin/../lib/gcc/arm-none-eabi/4.9.3/../../../../arm-none-eabi/lib/armv6-m/libc_nano.a(lib_a-exit.o) (_exit)

Discarded input sections

 .group         0x0000000000000000        0x8 nrf51_sdk/nrf51822/Source/ble/ble_advdata.o
 .group         0x0000000000000000        0x8 nrf51_sdk/nrf51822/Source/ble/ble_advdata.o
 .group         0x0000000000000000        0x8 nrf51_sdk/nrf51822/Source/ble/ble_advdata.o
 .group         0x0000000000000000        0x8 nrf51_sdk/nrf51822/Source/ble/ble_advdata.o
 .group         0x0000000000000000        0x8 nrf51_sdk/nrf51822/Source/ble/ble_advdata.o
 .group         0x0000000000000000        0x8 nrf51_sdk/nrf51822/Source/ble/ble_advdata.o
 .group         0x0000000000000000        0x8 nrf51_sdk/nrf51822/Source/ble/ble_advdata.o
 .group         0x0000000000000000        0x8 nrf51_sdk/nrf51822/Source/ble/ble_advdata.o
 .group         0x0000000000000000        0x8 nrf51_sdk/nrf51822/Source/ble/ble_advdata.o
 .group         0x0000000000000000        0x8 nrf51_sdk/nrf51822/Source/ble/ble_advdata.o
 .group         0x0000000000000000        0x8 nrf51_sdk/nrf51822/Source/ble/ble_advdata.o
 .group         0x0000000000000000        0x8 nrf51_sdk/nrf51822/Source/ble/ble_advdata.o
 .group         0x0000000000000000        0x8 nrf51_sdk/nrf51822/Source/ble/ble_advdata.o
 .group         0x0000000000000000        0x8 nrf51_sdk/nrf51822/Source/ble/ble_advdata.o
 .group         0x0000000000000000        0x8 nrf51_sdk/nrf51822/Source/ble/ble_advdata.o
 .group         0x0000000000000000        0x8 nrf51_sdk/nrf51822/Source/ble/ble_advdata.o
 .group         0x0000000000000000        0x8 nrf51_sdk/nrf51822/Source/ble/ble_advdata.o
 .group         0x0000000000000000        0x8 nrf51_sdk/nrf51822/Source/ble/ble_advdata.o
 .group         0x0000000000000000        0x8 nrf51_sdk/nrf51822/Source/ble/ble_advdata.o
 .group         0x0000000000000000        0x8 nrf51_sdk/nrf51822/Source/ble/ble_advdata.o
 .group         0x0000000000000000        0x8 nrf51_sdk/nrf51822/Source/ble/ble_advdata.o
 .group         0x0000000000000000        0x8 nrf51_sdk/nrf51822/Source/ble/ble_advdata.o
 .group         0x0000000000000000        0x8 nrf51_sdk/nrf51822/Source/ble/ble_advdata.o
 .group         0x0000000000000000        0x8 nrf51_sdk/nrf51822/Source/ble/ble_advdata.o
 .group         0x0000000000000000        0x8 nrf51_sdk/nrf51822/Source/ble/ble_advdata.o
 .group         0x0000000000000000        0x8 nrf51_sdk/nrf51822/Source/ble/ble_advdata.o
 .group         0x0000000000000000        0x8 nrf51_sdk/nrf51822/Source/ble/ble_advdata.o
 .group         0x0000000000000000        0x8 nrf51_sdk/nrf51822/Source/ble/ble_advdata.o
 .group         0x0000000000000000        0x8 nrf51_sdk/nrf51822/Source/ble/ble_advdata.o
 .group         0x0000000000000000        0x8 nrf51_sdk/nrf51822/Source/ble/ble_advdata.o
 .group         0x0000000000000000        0x8 nrf51_sdk/nrf51822/Source/ble/ble_advdata.o
[...]
Memory Configuration

Name             Origin             Length             Attributes
FLASH            0x000000000001bc00 0x0000000000003400 xr
RAM              0x0000000020002000 0x0000000000002000 xrw
*default*        0x0000000000000000 0xffffffffffffffff

Linker script and memory map

LOAD /Users/Baram/gcc-arm-none-eabi/bin/../lib/gcc/arm-none-eabi/4.9.3/armv6-m/crti.o
LOAD /Users/Baram/gcc-arm-none-eabi/bin/../lib/gcc/arm-none-eabi/4.9.3/armv6-m/crtbegin.o
LOAD /Users/Baram/gcc-arm-none-eabi/bin/../lib/gcc/arm-none-eabi/4.9.3/../../../../arm-none-eabi/lib/armv6-m/crt0.o
LOAD nrf51_sdk/nrf51822/Source/ble/ble_advdata.o
LOAD nrf51_sdk/nrf51822/Source/ble/ble_conn_params.o
LOAD nrf51_sdk/nrf51822/Source/ble/ble_services/ble_srv_common.o
LOAD nrf51_sdk/nrf51822/Source/ble/ble_services/ble_dis.o
LOAD nrf51_sdk/nrf51822/Source/sd_common/softdevice_handler.o
LOAD nrf51_sdk/nrf51822/Source/app_common/app_timer.o
LOAD src/main.o
LOAD gcc_startup_nrf51.o
LOAD system_nrf51.o
LOAD src/button.o
LOAD src/systick.o
LOAD src/ble.o
LOAD src/ble_crazyflies.o
LOAD src/esb.o
LOAD src/timeslot.o
LOAD src/bootloader.o
LOAD src/uart.o
LOAD src/syslink.o
LOAD src/crc.o
START GROUP
LOAD /Users/Baram/gcc-arm-none-eabi/bin/../lib/gcc/arm-none-eabi/4.9.3/armv6-m/libgcc.a
LOAD /Users/Baram/gcc-arm-none-eabi/bin/../lib/gcc/arm-none-eabi/4.9.3/../../../../arm-none-eabi/lib/armv6-m/libc_nano.a
END GROUP
START GROUP
LOAD /Users/Baram/gcc-arm-none-eabi/bin/../lib/gcc/arm-none-eabi/4.9.3/armv6-m/libgcc.a
LOAD /Users/Baram/gcc-arm-none-eabi/bin/../lib/gcc/arm-none-eabi/4.9.3/../../../../arm-none-eabi/lib/armv6-m/libc_nano.a
END GROUP
LOAD /Users/Baram/gcc-arm-none-eabi/bin/../lib/gcc/arm-none-eabi/4.9.3/armv6-m/crtend.o
LOAD /Users/Baram/gcc-arm-none-eabi/bin/../lib/gcc/arm-none-eabi/4.9.3/armv6-m/crtn.o
START GROUP
LOAD /Users/Baram/gcc-arm-none-eabi/bin/../lib/gcc/arm-none-eabi/4.9.3/armv6-m/libgcc.a
LOAD /Users/Baram/gcc-arm-none-eabi/bin/../lib/gcc/arm-none-eabi/4.9.3/../../../../arm-none-eabi/lib/armv6-m/libc.a
LOAD /Users/Baram/gcc-arm-none-eabi/bin/../lib/gcc/arm-none-eabi/4.9.3/../../../../arm-none-eabi/lib/armv6-m/libnosys.a
END GROUP

.text           0x000000000001bc00     0x2b50
 *(.Vectors)
 .Vectors       0x000000000001bc00       0xc0 gcc_startup_nrf51.o
                0x000000000001bc00                __Vectors
 *(.text*)
 .text          0x000000000001bcc0        0x0 /Users/Baram/gcc-arm-none-eabi/bin/../lib/gcc/arm-none-eabi/4.9.3/armv6-m/crti.o
 .text          0x000000000001bcc0       0x60 /Users/Baram/gcc-arm-none-eabi/bin/../lib/gcc/arm-none-eabi/4.9.3/armv6-m/crtbegin.o
 .text          0x000000000001bd20       0x78 /Users/Baram/gcc-arm-none-eabi/bin/../lib/gcc/arm-none-eabi/4.9.3/../../../../arm-none-eabi/lib/armv6-m/crt0.o
                0x000000000001bd20                _mainCRTStartup
                0x000000000001bd20                _start
 .text          0x000000000001bd98      0x44c nrf51_sdk/nrf51822/Source/ble/ble_advdata.o
                0x000000000001c174                ble_advdata_set
 .text          0x000000000001c1e4      0x230 nrf51_sdk/nrf51822/Source/ble/ble_conn_params.o
                0x000000000001c2bc                ble_conn_params_init
                0x000000000001c31c                ble_conn_params_stop
                0x000000000001c32c                ble_conn_params_on_ble_evt
                0x000000000001c3b8                ble_conn_params_change_conn_params
 .text          0x000000000001c414       0x1e nrf51_sdk/nrf51822/Source/ble/ble_services/ble_srv_common.o
                0x000000000001c414                ble_srv_report_ref_encode
                0x000000000001c420                ble_srv_ascii_to_utf8
 *fill*         0x000000000001c432        0x2 
 .text          0x000000000001c434      0x244 nrf51_sdk/nrf51822/Source/ble/ble_services/ble_dis.o
                0x000000000001c4c4                ble_dis_init
 .text          0x000000000001c678      0x15c nrf51_sdk/nrf51822/Source/sd_common/softdevice_handler.o
                0x000000000001c68c                softdevice_assertion_handler
                0x000000000001c698                intern_softdevice_events_execute
                0x000000000001c730                softdevice_handler_init
                0x000000000001c768                softdevice_handler_sd_disable
                0x000000000001c780                softdevice_ble_evt_handler_set
                0x000000000001c794                softdevice_sys_evt_handler_set
                0x000000000001c7a8                SWI2_IRQHandler
 .text          0x000000000001c7d4      0x774 nrf51_sdk/nrf51822/Source/app_common/app_timer.o
                0x000000000001c8c8                RTC1_IRQHandler
                0x000000000001c968                SWI0_IRQHandler
                0x000000000001cce4                app_timer_init
                0x000000000001cda4                app_timer_create
                0x000000000001cdf0                app_timer_start
                0x000000000001ce80                app_timer_stop
                0x000000000001cee0                app_timer_stop_all
                0x000000000001cf28                app_timer_cnt_get
                0x000000000001cf3c                app_timer_cnt_diff_compute
 .text          0x000000000001cf48      0x1cc src/main.o
                0x000000000001cf54                start_firmware
                0x000000000001cf70                mainLoop
 .text.startup  0x000000000001d114      0x190 src/main.o
                0x000000000001d114                main
 .text          0x000000000001d2a4       0x48 gcc_startup_nrf51.o
                0x000000000001d2a4                Reset_Handler
                0x000000000001d2e0                NMI_Handler
                0x000000000001d2e2                HardFault_Handler
                0x000000000001d2e4                SVC_Handler
                0x000000000001d2e6                PendSV_Handler
                0x000000000001d2e8                SysTick_Handler
                0x000000000001d2ea                SWI4_IRQHandler
                0x000000000001d2ea                TEMP_IRQHandler
                0x000000000001d2ea                QDEC_IRQHandler
                0x000000000001d2ea                SWI5_IRQHandler
                0x000000000001d2ea                TIMER0_IRQHandler
                0x000000000001d2ea                TIMER1_IRQHandler
                0x000000000001d2ea                ECB_IRQHandler
                0x000000000001d2ea                Default_Handler
                0x000000000001d2ea                ADC_IRQHandler
                0x000000000001d2ea                SWI3_IRQHandler
                0x000000000001d2ea                CCM_AAR_IRQHandler
                0x000000000001d2ea                WDT_IRQHandler
                0x000000000001d2ea                RNG_IRQHandler
                0x000000000001d2ea                SPI1_TWI1_IRQHandler
                0x000000000001d2ea                SPI0_TWI0_IRQHandler
                0x000000000001d2ea                SWI1_IRQHandler
                0x000000000001d2ea                RTC0_IRQHandler
                0x000000000001d2ea                GPIOTE_IRQHandler
                0x000000000001d2ea                POWER_CLOCK_IRQHandler
                0x000000000001d2ea                RADIO_IRQHandler
                0x000000000001d2ea                LPCOMP_IRQHandler
 .text          0x000000000001d2ec       0x9c system_nrf51.o
                0x000000000001d2ec                SystemCoreClockUpdate
                0x000000000001d2fc                SystemInit
 .text          0x000000000001d388       0xa0 src/button.o
                0x000000000001d388                buttonInit
                0x000000000001d3ac                buttonProcess
                0x000000000001d418                buttonGetState
 .text          0x000000000001d428       0x60 src/systick.o
                0x000000000001d428                TIMER2_IRQHandler
                0x000000000001d440                systickInit
                0x000000000001d47c                systickGetTick
 .text          0x000000000001d488      0x23c src/ble.o
                0x000000000001d514                app_error_handler
                0x000000000001d516                assert_nrf_callback
                0x000000000001d518                ble_init
 .text.unlikely
                0x000000000001d6c4       0x14 src/ble.o
 .text          0x000000000001d6d8      0x2f4 src/ble_crazyflies.o
                0x000000000001d6e4                ble_crazyflies_on_ble_evt
                0x000000000001d7a4                ble_crazyflies_init
                0x000000000001d8a8                bleCrazyfliesIsPacketReceived
                0x000000000001d8b4                bleCrazyfliesGetRxPacket
                0x000000000001d8c0                bleCrazyfliesReleaseRxPacket
                0x000000000001d8cc                bleCrazyfliesSendPacket
 .text          0x000000000001d9cc      0x3f4 src/esb.o
                0x000000000001da10                esbInterruptHandler
                0x000000000001db60                esbInit
                0x000000000001dc70                esbDeinit
                0x000000000001dca0                esbIsRxPacket
                0x000000000001dcbc                esbGetRxPacket
                0x000000000001dce0                esbReleaseRxPacket
                0x000000000001dd04                esbCanTxPacket
                0x000000000001dd30                esbGetTxPacket
                0x000000000001dd50                esbSendTxPacket
                0x000000000001dd74                esbSetDatarate
                0x000000000001dd98                esbSetChannel
                0x000000000001ddac                esbSetAddress
 .text          0x000000000001ddc0       0xc0 src/timeslot.o
                0x000000000001de54                timeslot_sd_evt_signal
                0x000000000001de68                timeslot_start
 .text          0x000000000001de80      0x3e4 src/bootloader.o
                0x000000000001de88                bootloaderProcess
                0x000000000001e19c                bootloaderOnSdEvt
 .text          0x000000000001e264      0x1a4 src/uart.o
                0x000000000001e264                UART0_IRQHandler
                0x000000000001e2b4                uartInit
                0x000000000001e348                uartPutc
                0x000000000001e374                uartPuts
                0x000000000001e394                uartSend
                0x000000000001e3b8                uartIsDataReceived
                0x000000000001e3d8                uartGetc
 .text          0x000000000001e408      0x128 src/syslink.o
                0x000000000001e408                syslinkReceive
                0x000000000001e4dc                syslinkSend
 .text          0x000000000001e530       0x60 src/crc.o
                0x000000000001e530                crcSlow
 .text          0x000000000001e590       0x14 /Users/Baram/gcc-arm-none-eabi/bin/../lib/gcc/arm-none-eabi/4.9.3/armv6-m/libgcc.a(_thumb1_case_uqi.o)
                0x000000000001e590                __gnu_thumb1_case_uqi
 .text          0x000000000001e5a4        0x0 /Users/Baram/gcc-arm-none-eabi/bin/../lib/gcc/arm-none-eabi/4.9.3/../../../../arm-none-eabi/lib/armv6-m/libc_nano.a(lib_a-exit.o)
 .text.exit     0x000000000001e5a4       0x2c /Users/Baram/gcc-arm-none-eabi/bin/../lib/gcc/arm-none-eabi/4.9.3/../../../../arm-none-eabi/lib/armv6-m/libc_nano.a(lib_a-exit.o)
                0x000000000001e5a4                exit
 .text          0x000000000001e5d0        0x0 /Users/Baram/gcc-arm-none-eabi/bin/../lib/gcc/arm-none-eabi/4.9.3/../../../../arm-none-eabi/lib/armv6-m/libc_nano.a(lib_a-impure.o)
 .text          0x000000000001e5d0        0x0 /Users/Baram/gcc-arm-none-eabi/bin/../lib/gcc/arm-none-eabi/4.9.3/../../../../arm-none-eabi/lib/armv6-m/libc_nano.a(lib_a-init.o)
 .text.__libc_init_array
                0x000000000001e5d0       0x4c /Users/Baram/gcc-arm-none-eabi/bin/../lib/gcc/arm-none-eabi/4.9.3/../../../../arm-none-eabi/lib/armv6-m/libc_nano.a(lib_a-init.o)
                0x000000000001e5d0                __libc_init_array
 .text          0x000000000001e61c        0x0 /Users/Baram/gcc-arm-none-eabi/bin/../lib/gcc/arm-none-eabi/4.9.3/../../../../arm-none-eabi/lib/armv6-m/libc_nano.a(lib_a-memcpy.o)
 .text.memcpy   0x000000000001e61c       0x12 /Users/Baram/gcc-arm-none-eabi/bin/../lib/gcc/arm-none-eabi/4.9.3/../../../../arm-none-eabi/lib/armv6-m/libc_nano.a(lib_a-memcpy.o)
                0x000000000001e61c                memcpy
 .text          0x000000000001e62e        0x0 /Users/Baram/gcc-arm-none-eabi/bin/../lib/gcc/arm-none-eabi/4.9.3/../../../../arm-none-eabi/lib/armv6-m/libc_nano.a(lib_a-memset.o)
 .text.memset   0x000000000001e62e       0x10 /Users/Baram/gcc-arm-none-eabi/bin/../lib/gcc/arm-none-eabi/4.9.3/../../../../arm-none-eabi/lib/armv6-m/libc_nano.a(lib_a-memset.o)
                0x000000000001e62e                memset
 .text          0x000000000001e63e        0x0 /Users/Baram/gcc-arm-none-eabi/bin/../lib/gcc/arm-none-eabi/4.9.3/../../../../arm-none-eabi/lib/armv6-m/libc_nano.a(lib_a-strlen.o)
 .text.strlen   0x000000000001e63e        0xe /Users/Baram/gcc-arm-none-eabi/bin/../lib/gcc/arm-none-eabi/4.9.3/../../../../arm-none-eabi/lib/armv6-m/libc_nano.a(lib_a-strlen.o)
                0x000000000001e63e                strlen
 .text          0x000000000001e64c        0x0 /Users/Baram/gcc-arm-none-eabi/bin/../lib/gcc/arm-none-eabi/4.9.3/armv6-m/crtend.o
 .text          0x000000000001e64c        0x0 /Users/Baram/gcc-arm-none-eabi/bin/../lib/gcc/arm-none-eabi/4.9.3/armv6-m/crtn.o
 .text          0x000000000001e64c        0x0 /Users/Baram/gcc-arm-none-eabi/bin/../lib/gcc/arm-none-eabi/4.9.3/../../../../arm-none-eabi/lib/armv6-m/libnosys.a(_exit.o)
 .text._exit    0x000000000001e64c        0x4 /Users/Baram/gcc-arm-none-eabi/bin/../lib/gcc/arm-none-eabi/4.9.3/../../../../arm-none-eabi/lib/armv6-m/libnosys.a(_exit.o)
                0x000000000001e64c                _exit
 *(.init)
 .init          0x000000000001e650        0x4 /Users/Baram/gcc-arm-none-eabi/bin/../lib/gcc/arm-none-eabi/4.9.3/armv6-m/crti.o
                0x000000000001e650                _init
 .init          0x000000000001e654        0x8 /Users/Baram/gcc-arm-none-eabi/bin/../lib/gcc/arm-none-eabi/4.9.3/armv6-m/crtn.o
 *(.fini)
 .fini          0x000000000001e65c        0x4 /Users/Baram/gcc-arm-none-eabi/bin/../lib/gcc/arm-none-eabi/4.9.3/armv6-m/crti.o
                0x000000000001e65c                _fini
 .fini          0x000000000001e660        0x8 /Users/Baram/gcc-arm-none-eabi/bin/../lib/gcc/arm-none-eabi/4.9.3/armv6-m/crtn.o
 *crtbegin.o(.ctors)
 *crtbegin?.o(.ctors)
 *(EXCLUDE_FILE(*crtend.o *crtend?.o) .ctors)
 *(SORT(.ctors.*))
 *(.ctors)
 *crtbegin.o(.dtors)
 *crtbegin?.o(.dtors)
 *(EXCLUDE_FILE(*crtend.o *crtend?.o) .dtors)
 *(SORT(.dtors.*))
 *(.dtors)
 *(.rodata*)
 .rodata.str1.1
                0x000000000001e668       0x35 nrf51_sdk/nrf51822/Source/ble/ble_services/ble_dis.o
 .rodata.str1.1
                0x000000000001e69d       0x39 nrf51_sdk/nrf51822/Source/sd_common/softdevice_handler.o
 .rodata.str1.1
                0x000000000001e6d6       0x31 nrf51_sdk/nrf51822/Source/app_common/app_timer.o
 .rodata.str1.1
                0x000000000001e707        0xb src/main.o
 .rodata        0x000000000001e712       0x14 src/ble.o
 .rodata.str1.1
                0x000000000001e726       0x1a src/ble.o
 .rodata.str1.1
                0x000000000001e740        0x3 src/syslink.o
 .rodata.str1.1
                0x000000000001e743        0x2 /Users/Baram/gcc-arm-none-eabi/bin/../lib/gcc/arm-none-eabi/4.9.3/../../../../arm-none-eabi/lib/armv6-m/libc_nano.a(lib_a-impure.o)
 *fill*         0x000000000001e745        0x3 
 .rodata._global_impure_ptr
                0x000000000001e748        0x4 /Users/Baram/gcc-arm-none-eabi/bin/../lib/gcc/arm-none-eabi/4.9.3/../../../../arm-none-eabi/lib/armv6-m/libc_nano.a(lib_a-impure.o)
                0x000000000001e748                _global_impure_ptr
 *(.eh_frame*)
 .eh_frame      0x000000000001e74c        0x0 /Users/Baram/gcc-arm-none-eabi/bin/../lib/gcc/arm-none-eabi/4.9.3/armv6-m/crtbegin.o
 .eh_frame      0x000000000001e74c        0x4 /Users/Baram/gcc-arm-none-eabi/bin/../lib/gcc/arm-none-eabi/4.9.3/armv6-m/crtend.o

.glue_7         0x000000000001e750        0x0
 .glue_7        0x0000000000000000        0x0 linker stubs

.glue_7t        0x000000000001e750        0x0
 .glue_7t       0x0000000000000000        0x0 linker stubs

.vfp11_veneer   0x000000000001e750        0x0
 .vfp11_veneer  0x0000000000000000        0x0 linker stubs

.v4_bx          0x000000000001e750        0x0
 .v4_bx         0x0000000000000000        0x0 linker stubs

.iplt           0x000000000001e750        0x0
 .iplt          0x0000000000000000        0x0 /Users/Baram/gcc-arm-none-eabi/bin/../lib/gcc/arm-none-eabi/4.9.3/armv6-m/crtbegin.o

.ARM.extab      0x000000000001e750        0x0
 *(.ARM.extab* .gnu.linkonce.armextab.*)
 .ARM.extab     0x000000000001e750        0x0 /Users/Baram/gcc-arm-none-eabi/bin/../lib/gcc/arm-none-eabi/4.9.3/../../../../arm-none-eabi/lib/armv6-m/crt0.o
 .ARM.extab     0x000000000001e750        0x0 gcc_startup_nrf51.o
                0x000000000001e750                __exidx_start = .

.ARM.exidx      0x000000000001e750        0x8
 *(.ARM.exidx* .gnu.linkonce.armexidx.*)
 .ARM.exidx     0x000000000001e750        0x8 /Users/Baram/gcc-arm-none-eabi/bin/../lib/gcc/arm-none-eabi/4.9.3/../../../../arm-none-eabi/lib/armv6-m/crt0.o
 .ARM.exidx     0x000000000001e758        0x0 gcc_startup_nrf51.o
                                          0x8 (size before relaxing)
                0x000000000001e758                __exidx_end = .
                0x000000000001e758                __etext = .

.rel.dyn        0x000000000001e758        0x0
 .rel.iplt      0x0000000000000000        0x0 /Users/Baram/gcc-arm-none-eabi/bin/../lib/gcc/arm-none-eabi/4.9.3/armv6-m/crtbegin.o

.data           0x0000000020002000      0x52c load address 0x000000000001e758
                0x0000000020002000                __data_start__ = .
 *(vtable)
 *(.data*)
 .data          0x0000000020002000        0x0 /Users/Baram/gcc-arm-none-eabi/bin/../lib/gcc/arm-none-eabi/4.9.3/armv6-m/crti.o
 .data          0x0000000020002000        0x4 /Users/Baram/gcc-arm-none-eabi/bin/../lib/gcc/arm-none-eabi/4.9.3/armv6-m/crtbegin.o
                0x0000000020002000                __dso_handle
 .data          0x0000000020002004        0x0 /Users/Baram/gcc-arm-none-eabi/bin/../lib/gcc/arm-none-eabi/4.9.3/../../../../arm-none-eabi/lib/armv6-m/crt0.o
 .data          0x0000000020002004        0x0 nrf51_sdk/nrf51822/Source/ble/ble_advdata.o
 .data          0x0000000020002004        0x0 nrf51_sdk/nrf51822/Source/ble/ble_conn_params.o
 .data          0x0000000020002004        0x0 nrf51_sdk/nrf51822/Source/ble/ble_services/ble_srv_common.o
 .data          0x0000000020002004        0x0 nrf51_sdk/nrf51822/Source/ble/ble_services/ble_dis.o
 .data          0x0000000020002004        0x0 nrf51_sdk/nrf51822/Source/sd_common/softdevice_handler.o
 .data          0x0000000020002004        0x0 nrf51_sdk/nrf51822/Source/app_common/app_timer.o
 .data          0x0000000020002004       0x10 src/main.o
 .data          0x0000000020002014        0x0 gcc_startup_nrf51.o
 .data          0x0000000020002014        0x4 system_nrf51.o
                0x0000000020002014                SystemCoreClock
 .data          0x0000000020002018        0x0 src/button.o
 .data          0x0000000020002018        0x0 src/systick.o
 .data          0x0000000020002018        0x2 src/ble.o
 *fill*         0x000000002000201a        0x2 
 .data          0x000000002000201c       0x88 src/ble_crazyflies.o
 .data          0x00000000200020a4        0x5 src/esb.o
 *fill*         0x00000000200020a9        0x3 
 .data          0x00000000200020ac       0x10 src/timeslot.o
 .data          0x00000000200020bc      0x400 src/bootloader.o
 .data          0x00000000200024bc        0x0 src/uart.o
 .data          0x00000000200024bc        0x0 src/syslink.o
 .data          0x00000000200024bc        0x0 src/crc.o
 .data          0x00000000200024bc        0x0 /Users/Baram/gcc-arm-none-eabi/bin/../lib/gcc/arm-none-eabi/4.9.3/armv6-m/libgcc.a(_thumb1_case_uqi.o)
 .data          0x00000000200024bc        0x0 /Users/Baram/gcc-arm-none-eabi/bin/../lib/gcc/arm-none-eabi/4.9.3/../../../../arm-none-eabi/lib/armv6-m/libc_nano.a(lib_a-exit.o)
 .data          0x00000000200024bc        0x0 /Users/Baram/gcc-arm-none-eabi/bin/../lib/gcc/arm-none-eabi/4.9.3/../../../../arm-none-eabi/lib/armv6-m/libc_nano.a(lib_a-impure.o)
 .data.impure_data
                0x00000000200024bc       0x60 /Users/Baram/gcc-arm-none-eabi/bin/../lib/gcc/arm-none-eabi/4.9.3/../../../../arm-none-eabi/lib/armv6-m/libc_nano.a(lib_a-impure.o)
 .data._impure_ptr
                0x000000002000251c        0x4 /Users/Baram/gcc-arm-none-eabi/bin/../lib/gcc/arm-none-eabi/4.9.3/../../../../arm-none-eabi/lib/armv6-m/libc_nano.a(lib_a-impure.o)
                0x000000002000251c                _impure_ptr
 .data          0x0000000020002520        0x0 /Users/Baram/gcc-arm-none-eabi/bin/../lib/gcc/arm-none-eabi/4.9.3/../../../../arm-none-eabi/lib/armv6-m/libc_nano.a(lib_a-init.o)
 .data          0x0000000020002520        0x0 /Users/Baram/gcc-arm-none-eabi/bin/../lib/gcc/arm-none-eabi/4.9.3/../../../../arm-none-eabi/lib/armv6-m/libc_nano.a(lib_a-memcpy.o)
 .data          0x0000000020002520        0x0 /Users/Baram/gcc-arm-none-eabi/bin/../lib/gcc/arm-none-eabi/4.9.3/../../../../arm-none-eabi/lib/armv6-m/libc_nano.a(lib_a-memset.o)
 .data          0x0000000020002520        0x0 /Users/Baram/gcc-arm-none-eabi/bin/../lib/gcc/arm-none-eabi/4.9.3/../../../../arm-none-eabi/lib/armv6-m/libc_nano.a(lib_a-strlen.o)
 .data          0x0000000020002520        0x0 /Users/Baram/gcc-arm-none-eabi/bin/../lib/gcc/arm-none-eabi/4.9.3/armv6-m/crtend.o
 .data          0x0000000020002520        0x0 /Users/Baram/gcc-arm-none-eabi/bin/../lib/gcc/arm-none-eabi/4.9.3/armv6-m/crtn.o
 .data          0x0000000020002520        0x0 /Users/Baram/gcc-arm-none-eabi/bin/../lib/gcc/arm-none-eabi/4.9.3/../../../../arm-none-eabi/lib/armv6-m/libnosys.a(_exit.o)
                0x0000000020002520                . = ALIGN (0x4)
                0x0000000020002520                PROVIDE (__preinit_array_start, .)
 *(.preinit_array)
                0x0000000020002520                PROVIDE (__preinit_array_end, .)
                0x0000000020002520                . = ALIGN (0x4)
                0x0000000020002520                PROVIDE (__init_array_start, .)
 *(SORT(.init_array.*))
 *(.init_array)
 .init_array    0x0000000020002520        0x4 /Users/Baram/gcc-arm-none-eabi/bin/../lib/gcc/arm-none-eabi/4.9.3/armv6-m/crtbegin.o
                0x0000000020002524                PROVIDE (__init_array_end, .)
                0x0000000020002524                . = ALIGN (0x4)
                0x0000000020002524                PROVIDE (__fini_array_start, .)
 *(SORT(.fini_array.*))
 *(.fini_array)
 .fini_array    0x0000000020002524        0x4 /Users/Baram/gcc-arm-none-eabi/bin/../lib/gcc/arm-none-eabi/4.9.3/armv6-m/crtbegin.o
                0x0000000020002528                PROVIDE (__fini_array_end, .)
 *(.jcr)
 .jcr           0x0000000020002528        0x0 /Users/Baram/gcc-arm-none-eabi/bin/../lib/gcc/arm-none-eabi/4.9.3/armv6-m/crtbegin.o
 .jcr           0x0000000020002528        0x4 /Users/Baram/gcc-arm-none-eabi/bin/../lib/gcc/arm-none-eabi/4.9.3/armv6-m/crtend.o
                0x000000002000252c                . = ALIGN (0x4)
                0x000000002000252c                __data_end__ = .

.igot.plt       0x000000002000252c        0x0 load address 0x000000000001ec84
 .igot.plt      0x0000000000000000        0x0 /Users/Baram/gcc-arm-none-eabi/bin/../lib/gcc/arm-none-eabi/4.9.3/armv6-m/crtbegin.o

.bss            0x000000002000252c      0x760 load address 0x000000000001ec84
                0x000000002000252c                . = ALIGN (0x4)
                0x000000002000252c                __bss_start__ = .
 *(.bss*)
 .bss           0x000000002000252c        0x0 /Users/Baram/gcc-arm-none-eabi/bin/../lib/gcc/arm-none-eabi/4.9.3/armv6-m/crti.o
 .bss           0x000000002000252c       0x1c /Users/Baram/gcc-arm-none-eabi/bin/../lib/gcc/arm-none-eabi/4.9.3/armv6-m/crtbegin.o
 .bss           0x0000000020002548        0x0 /Users/Baram/gcc-arm-none-eabi/bin/../lib/gcc/arm-none-eabi/4.9.3/../../../../arm-none-eabi/lib/armv6-m/crt0.o
 .bss           0x0000000020002548        0x0 nrf51_sdk/nrf51822/Source/ble/ble_advdata.o
 .bss           0x0000000020002548       0x38 nrf51_sdk/nrf51822/Source/ble/ble_conn_params.o
 .bss           0x0000000020002580        0x0 nrf51_sdk/nrf51822/Source/ble/ble_services/ble_srv_common.o
 .bss           0x0000000020002580       0x4a nrf51_sdk/nrf51822/Source/ble/ble_services/ble_dis.o
 *fill*         0x00000000200025ca        0x2 
 .bss           0x00000000200025cc       0x18 nrf51_sdk/nrf51822/Source/sd_common/softdevice_handler.o
 .bss           0x00000000200025e4       0x2c nrf51_sdk/nrf51822/Source/app_common/app_timer.o
 .bss           0x0000000020002610      0x308 src/main.o
 .bss           0x0000000020002918        0x0 gcc_startup_nrf51.o
 .bss           0x0000000020002918        0x0 system_nrf51.o
 .bss           0x0000000020002918       0x10 src/button.o
 .bss           0x0000000020002928        0x4 src/systick.o
 .bss           0x000000002000292c       0x6c src/ble.o
 .bss           0x0000000020002998       0x84 src/ble_crazyflies.o
 .bss           0x0000000020002a1c      0x1ac src/esb.o
 .bss           0x0000000020002bc8        0x8 src/timeslot.o
 .bss           0x0000000020002bd0       0x14 src/bootloader.o
 .bss           0x0000000020002be4       0x98 src/uart.o
                0x0000000020002c78                error
 .bss           0x0000000020002c7c       0x10 src/syslink.o
 .bss           0x0000000020002c8c        0x0 src/crc.o
 .bss           0x0000000020002c8c        0x0 /Users/Baram/gcc-arm-none-eabi/bin/../lib/gcc/arm-none-eabi/4.9.3/armv6-m/libgcc.a(_thumb1_case_uqi.o)
 .bss           0x0000000020002c8c        0x0 /Users/Baram/gcc-arm-none-eabi/bin/../lib/gcc/arm-none-eabi/4.9.3/../../../../arm-none-eabi/lib/armv6-m/libc_nano.a(lib_a-exit.o)
 .bss           0x0000000020002c8c        0x0 /Users/Baram/gcc-arm-none-eabi/bin/../lib/gcc/arm-none-eabi/4.9.3/../../../../arm-none-eabi/lib/armv6-m/libc_nano.a(lib_a-impure.o)
 .bss           0x0000000020002c8c        0x0 /Users/Baram/gcc-arm-none-eabi/bin/../lib/gcc/arm-none-eabi/4.9.3/../../../../arm-none-eabi/lib/armv6-m/libc_nano.a(lib_a-init.o)
 .bss           0x0000000020002c8c        0x0 /Users/Baram/gcc-arm-none-eabi/bin/../lib/gcc/arm-none-eabi/4.9.3/../../../../arm-none-eabi/lib/armv6-m/libc_nano.a(lib_a-memcpy.o)
 .bss           0x0000000020002c8c        0x0 /Users/Baram/gcc-arm-none-eabi/bin/../lib/gcc/arm-none-eabi/4.9.3/../../../../arm-none-eabi/lib/armv6-m/libc_nano.a(lib_a-memset.o)
 .bss           0x0000000020002c8c        0x0 /Users/Baram/gcc-arm-none-eabi/bin/../lib/gcc/arm-none-eabi/4.9.3/../../../../arm-none-eabi/lib/armv6-m/libc_nano.a(lib_a-strlen.o)
 .bss           0x0000000020002c8c        0x0 /Users/Baram/gcc-arm-none-eabi/bin/../lib/gcc/arm-none-eabi/4.9.3/armv6-m/crtend.o
 .bss           0x0000000020002c8c        0x0 /Users/Baram/gcc-arm-none-eabi/bin/../lib/gcc/arm-none-eabi/4.9.3/armv6-m/crtn.o
 .bss           0x0000000020002c8c        0x0 /Users/Baram/gcc-arm-none-eabi/bin/../lib/gcc/arm-none-eabi/4.9.3/../../../../arm-none-eabi/lib/armv6-m/libnosys.a(_exit.o)
 *(COMMON)
                0x0000000020002c8c                . = ALIGN (0x4)
                0x0000000020002c8c                __bss_end__ = .

.heap           0x0000000020002c90      0x800
                0x0000000020002c90                __end__ = .
                0x0000000020002c90                end = __end__
 *(.heap*)
 .heap          0x0000000020002c90      0x800 gcc_startup_nrf51.o
                0x0000000020002c90                __HeapBase
                0x0000000020003490                __HeapLimit = .

.stack_dummy    0x0000000020002c90      0x800
 *(.stack*)
 .stack         0x0000000020002c90      0x800 gcc_startup_nrf51.o
                0x0000000020004000                __StackTop = (ORIGIN (RAM) + 0x2000)
                0x0000000020003800                __StackLimit = (__StackTop - SIZEOF (.stack_dummy))
                0x0000000020004000                PROVIDE (__stack, __StackTop)
                0x0000000000000001                ASSERT ((__StackLimit >= __HeapLimit), region RAM overflowed with stack)
OUTPUT(cload_nrf.elf elf32-littlearm)

.ARM.attributes
                0x0000000000000000       0x28
 .ARM.attributes
                0x0000000000000000       0x1e /Users/Baram/gcc-arm-none-eabi/bin/../lib/gcc/arm-none-eabi/4.9.3/armv6-m/crti.o
 .ARM.attributes
                0x000000000000001e       0x2c /Users/Baram/gcc-arm-none-eabi/bin/../lib/gcc/arm-none-eabi/4.9.3/armv6-m/crtbegin.o
 .ARM.attributes
                0x000000000000004a       0x1b /Users/Baram/gcc-arm-none-eabi/bin/../lib/gcc/arm-none-eabi/4.9.3/../../../../arm-none-eabi/lib/armv6-m/crt0.o
 .ARM.attributes
                0x0000000000000065       0x31 nrf51_sdk/nrf51822/Source/ble/ble_advdata.o
 .ARM.attributes
                0x0000000000000096       0x31 nrf51_sdk/nrf51822/Source/ble/ble_conn_params.o
 .ARM.attributes
                0x00000000000000c7       0x31 nrf51_sdk/nrf51822/Source/ble/ble_services/ble_srv_common.o
 .ARM.attributes
                0x00000000000000f8       0x31 nrf51_sdk/nrf51822/Source/ble/ble_services/ble_dis.o
 .ARM.attributes
                0x0000000000000129       0x31 nrf51_sdk/nrf51822/Source/sd_common/softdevice_handler.o
 .ARM.attributes
                0x000000000000015a       0x31 nrf51_sdk/nrf51822/Source/app_common/app_timer.o
 .ARM.attributes
                0x000000000000018b       0x31 src/main.o
 .ARM.attributes
                0x00000000000001bc       0x1b gcc_startup_nrf51.o
 .ARM.attributes
                0x00000000000001d7       0x31 system_nrf51.o
 .ARM.attributes
                0x0000000000000208       0x31 src/button.o
 .ARM.attributes
                0x0000000000000239       0x31 src/systick.o
 .ARM.attributes
                0x000000000000026a       0x31 src/ble.o
 .ARM.attributes
                0x000000000000029b       0x31 src/ble_crazyflies.o
 .ARM.attributes
                0x00000000000002cc       0x31 src/esb.o
 .ARM.attributes
                0x00000000000002fd       0x31 src/timeslot.o
 .ARM.attributes
                0x000000000000032e       0x31 src/bootloader.o
 .ARM.attributes
                0x000000000000035f       0x31 src/uart.o
 .ARM.attributes
                0x0000000000000390       0x31 src/syslink.o
 .ARM.attributes
                0x00000000000003c1       0x31 src/crc.o
 .ARM.attributes
                0x00000000000003f2       0x1e /Users/Baram/gcc-arm-none-eabi/bin/../lib/gcc/arm-none-eabi/4.9.3/armv6-m/libgcc.a(_thumb1_case_uqi.o)
 .ARM.attributes
                0x0000000000000410       0x2c /Users/Baram/gcc-arm-none-eabi/bin/../lib/gcc/arm-none-eabi/4.9.3/../../../../arm-none-eabi/lib/armv6-m/libc_nano.a(lib_a-exit.o)
 .ARM.attributes
                0x000000000000043c       0x2c /Users/Baram/gcc-arm-none-eabi/bin/../lib/gcc/arm-none-eabi/4.9.3/../../../../arm-none-eabi/lib/armv6-m/libc_nano.a(lib_a-impure.o)
 .ARM.attributes
                0x0000000000000468       0x2c /Users/Baram/gcc-arm-none-eabi/bin/../lib/gcc/arm-none-eabi/4.9.3/../../../../arm-none-eabi/lib/armv6-m/libc_nano.a(lib_a-init.o)
 .ARM.attributes
                0x0000000000000494       0x2c /Users/Baram/gcc-arm-none-eabi/bin/../lib/gcc/arm-none-eabi/4.9.3/../../../../arm-none-eabi/lib/armv6-m/libc_nano.a(lib_a-memcpy.o)
 .ARM.attributes
                0x00000000000004c0       0x2c /Users/Baram/gcc-arm-none-eabi/bin/../lib/gcc/arm-none-eabi/4.9.3/../../../../arm-none-eabi/lib/armv6-m/libc_nano.a(lib_a-memset.o)
 .ARM.attributes
                0x00000000000004ec       0x2c /Users/Baram/gcc-arm-none-eabi/bin/../lib/gcc/arm-none-eabi/4.9.3/../../../../arm-none-eabi/lib/armv6-m/libc_nano.a(lib_a-strlen.o)
 .ARM.attributes
                0x0000000000000518       0x2c /Users/Baram/gcc-arm-none-eabi/bin/../lib/gcc/arm-none-eabi/4.9.3/armv6-m/crtend.o
 .ARM.attributes
                0x0000000000000544       0x1e /Users/Baram/gcc-arm-none-eabi/bin/../lib/gcc/arm-none-eabi/4.9.3/armv6-m/crtn.o
 .ARM.attributes
                0x0000000000000562       0x2c /Users/Baram/gcc-arm-none-eabi/bin/../lib/gcc/arm-none-eabi/4.9.3/../../../../arm-none-eabi/lib/armv6-m/libnosys.a(_exit.o)

.comment        0x0000000000000000       0x70
 .comment       0x0000000000000000       0x70 nrf51_sdk/nrf51822/Source/ble/ble_advdata.o
                                         0x71 (size before relaxing)
 .comment       0x0000000000000000       0x71 nrf51_sdk/nrf51822/Source/ble/ble_conn_params.o
 .comment       0x0000000000000000       0x71 nrf51_sdk/nrf51822/Source/ble/ble_services/ble_srv_common.o
 .comment       0x0000000000000000       0x71 nrf51_sdk/nrf51822/Source/ble/ble_services/ble_dis.o
 .comment       0x0000000000000000       0x71 nrf51_sdk/nrf51822/Source/sd_common/softdevice_handler.o
 .comment       0x0000000000000000       0x71 nrf51_sdk/nrf51822/Source/app_common/app_timer.o
 .comment       0x0000000000000000       0x71 src/main.o
 .comment       0x0000000000000000       0x71 system_nrf51.o
 .comment       0x0000000000000000       0x71 src/button.o
 .comment       0x0000000000000000       0x71 src/systick.o
 .comment       0x0000000000000000       0x71 src/ble.o
 .comment       0x0000000000000000       0x71 src/ble_crazyflies.o
 .comment       0x0000000000000000       0x71 src/esb.o
 .comment       0x0000000000000000       0x71 src/timeslot.o
 .comment       0x0000000000000000       0x71 src/bootloader.o
 .comment       0x0000000000000000       0x71 src/uart.o
 .comment       0x0000000000000000       0x71 src/syslink.o
 .comment       0x0000000000000000       0x71 src/crc.o

.debug_info     0x0000000000000000     0xfd83
 .debug_info    0x0000000000000000      0xf3d nrf51_sdk/nrf51822/Source/ble/ble_advdata.o
 .debug_info    0x0000000000000f3d     0x1964 nrf51_sdk/nrf51822/Source/ble/ble_conn_params.o
 .debug_info    0x00000000000028a1      0x1cf nrf51_sdk/nrf51822/Source/ble/ble_services/ble_srv_common.o
 .debug_info    0x0000000000002a70      0xcc0 nrf51_sdk/nrf51822/Source/ble/ble_services/ble_dis.o
 .debug_info    0x0000000000003730     0x1806 nrf51_sdk/nrf51822/Source/sd_common/softdevice_handler.o
 .debug_info    0x0000000000004f36     0x19c1 nrf51_sdk/nrf51822/Source/app_common/app_timer.o
 .debug_info    0x00000000000068f7     0x1909 src/main.o
 .debug_info    0x0000000000008200      0x1f8 system_nrf51.o
 .debug_info    0x00000000000083f8      0x2f2 src/button.o
 .debug_info    0x00000000000086ea      0x4e5 src/systick.o
 .debug_info    0x0000000000008bcf     0x245f src/ble.o
 .debug_info    0x000000000000b02e     0x1a08 src/ble_crazyflies.o
 .debug_info    0x000000000000ca36      0xcb0 src/esb.o
 .debug_info    0x000000000000d6e6      0xa26 src/timeslot.o
 .debug_info    0x000000000000e10c      0xfc8 src/bootloader.o
 .debug_info    0x000000000000f0d4      0x847 src/uart.o
 .debug_info    0x000000000000f91b      0x2a8 src/syslink.o
 .debug_info    0x000000000000fbc3      0x1c0 src/crc.o

.debug_abbrev   0x0000000000000000     0x3017
 .debug_abbrev  0x0000000000000000      0x2df nrf51_sdk/nrf51822/Source/ble/ble_advdata.o
 .debug_abbrev  0x00000000000002df      0x3fa nrf51_sdk/nrf51822/Source/ble/ble_conn_params.o
 .debug_abbrev  0x00000000000006d9       0xfa nrf51_sdk/nrf51822/Source/ble/ble_services/ble_srv_common.o
 .debug_abbrev  0x00000000000007d3      0x2a9 nrf51_sdk/nrf51822/Source/ble/ble_services/ble_dis.o
 .debug_abbrev  0x0000000000000a7c      0x3af nrf51_sdk/nrf51822/Source/sd_common/softdevice_handler.o
 .debug_abbrev  0x0000000000000e2b      0x41f nrf51_sdk/nrf51822/Source/app_common/app_timer.o
 .debug_abbrev  0x000000000000124a      0x441 src/main.o
 .debug_abbrev  0x000000000000168b      0x10d system_nrf51.o
 .debug_abbrev  0x0000000000001798      0x181 src/button.o
 .debug_abbrev  0x0000000000001919      0x14b src/systick.o
 .debug_abbrev  0x0000000000001a64      0x441 src/ble.o
 .debug_abbrev  0x0000000000001ea5      0x330 src/ble_crazyflies.o
 .debug_abbrev  0x00000000000021d5      0x3a1 src/esb.o
 .debug_abbrev  0x0000000000002576      0x269 src/timeslot.o
 .debug_abbrev  0x00000000000027df      0x393 src/bootloader.o
 .debug_abbrev  0x0000000000002b72      0x226 src/uart.o
 .debug_abbrev  0x0000000000002d98      0x153 src/syslink.o
 .debug_abbrev  0x0000000000002eeb      0x12c src/crc.o

.debug_loc      0x0000000000000000     0x3034
 .debug_loc     0x0000000000000000      0x8c7 nrf51_sdk/nrf51822/Source/ble/ble_advdata.o
 .debug_loc     0x00000000000008c7      0x307 nrf51_sdk/nrf51822/Source/ble/ble_conn_params.o
 .debug_loc     0x0000000000000bce       0x9a nrf51_sdk/nrf51822/Source/ble/ble_services/ble_srv_common.o
 .debug_loc     0x0000000000000c68      0x339 nrf51_sdk/nrf51822/Source/ble/ble_services/ble_dis.o
 .debug_loc     0x0000000000000fa1      0x2ae nrf51_sdk/nrf51822/Source/sd_common/softdevice_handler.o
 .debug_loc     0x000000000000124f      0xbf9 nrf51_sdk/nrf51822/Source/app_common/app_timer.o
 .debug_loc     0x0000000000001e48      0x12f src/main.o
 .debug_loc     0x0000000000001f77      0x34c src/ble.o
 .debug_loc     0x00000000000022c3      0x162 src/ble_crazyflies.o
 .debug_loc     0x0000000000002425      0x1bd src/esb.o
 .debug_loc     0x00000000000025e2      0x11d src/timeslot.o
 .debug_loc     0x00000000000026ff      0x485 src/bootloader.o
 .debug_loc     0x0000000000002b84      0x153 src/uart.o
 .debug_loc     0x0000000000002cd7      0x1c5 src/syslink.o
 .debug_loc     0x0000000000002e9c      0x198 src/crc.o

.debug_aranges  0x0000000000000000      0x270
 .debug_aranges
                0x0000000000000000       0x20 nrf51_sdk/nrf51822/Source/ble/ble_advdata.o
 .debug_aranges
                0x0000000000000020       0x20 nrf51_sdk/nrf51822/Source/ble/ble_conn_params.o
 .debug_aranges
                0x0000000000000040       0x20 nrf51_sdk/nrf51822/Source/ble/ble_services/ble_srv_common.o
 .debug_aranges
                0x0000000000000060       0x20 nrf51_sdk/nrf51822/Source/ble/ble_services/ble_dis.o
 .debug_aranges
                0x0000000000000080       0x20 nrf51_sdk/nrf51822/Source/sd_common/softdevice_handler.o
 .debug_aranges
                0x00000000000000a0       0x20 nrf51_sdk/nrf51822/Source/app_common/app_timer.o
 .debug_aranges
                0x00000000000000c0       0x28 src/main.o
 .debug_aranges
                0x00000000000000e8       0x20 system_nrf51.o
 .debug_aranges
                0x0000000000000108       0x20 src/button.o
 .debug_aranges
                0x0000000000000128       0x20 src/systick.o
 .debug_aranges
                0x0000000000000148       0x48 src/ble.o
 .debug_aranges
                0x0000000000000190       0x20 src/ble_crazyflies.o
 .debug_aranges
                0x00000000000001b0       0x20 src/esb.o
 .debug_aranges
                0x00000000000001d0       0x20 src/timeslot.o
 .debug_aranges
                0x00000000000001f0       0x20 src/bootloader.o
 .debug_aranges
                0x0000000000000210       0x20 src/uart.o
 .debug_aranges
                0x0000000000000230       0x20 src/syslink.o
 .debug_aranges
                0x0000000000000250       0x20 src/crc.o

.debug_ranges   0x0000000000000000      0x638
 .debug_ranges  0x0000000000000000       0x78 nrf51_sdk/nrf51822/Source/ble/ble_advdata.o
 .debug_ranges  0x0000000000000078       0x10 nrf51_sdk/nrf51822/Source/ble/ble_conn_params.o
 .debug_ranges  0x0000000000000088       0x70 nrf51_sdk/nrf51822/Source/ble/ble_services/ble_dis.o
 .debug_ranges  0x00000000000000f8       0x10 nrf51_sdk/nrf51822/Source/sd_common/softdevice_handler.o
 .debug_ranges  0x0000000000000108      0x310 nrf51_sdk/nrf51822/Source/app_common/app_timer.o
 .debug_ranges  0x0000000000000418       0x78 src/main.o
 .debug_ranges  0x0000000000000490       0x20 system_nrf51.o
 .debug_ranges  0x00000000000004b0       0x18 src/button.o
 .debug_ranges  0x00000000000004c8       0x78 src/ble.o
 .debug_ranges  0x0000000000000540       0x10 src/ble_crazyflies.o
 .debug_ranges  0x0000000000000550       0x50 src/esb.o
 .debug_ranges  0x00000000000005a0       0x10 src/timeslot.o
 .debug_ranges  0x00000000000005b0       0x58 src/bootloader.o
 .debug_ranges  0x0000000000000608       0x18 src/uart.o
 .debug_ranges  0x0000000000000620       0x18 src/crc.o

.debug_macro    0x0000000000000000     0xd4c8
 .debug_macro   0x0000000000000000      0x1cd nrf51_sdk/nrf51822/Source/ble/ble_advdata.o
 .debug_macro   0x00000000000001cd      0x82c nrf51_sdk/nrf51822/Source/ble/ble_advdata.o
 .debug_macro   0x00000000000009f9       0x22 nrf51_sdk/nrf51822/Source/ble/ble_advdata.o
 .debug_macro   0x0000000000000a1b       0x44 nrf51_sdk/nrf51822/Source/ble/ble_advdata.o
 .debug_macro   0x0000000000000a5f       0x1c nrf51_sdk/nrf51822/Source/ble/ble_advdata.o
 .debug_macro   0x0000000000000a7b      0x1f7 nrf51_sdk/nrf51822/Source/ble/ble_advdata.o
 .debug_macro   0x0000000000000c72       0x22 nrf51_sdk/nrf51822/Source/ble/ble_advdata.o
 .debug_macro   0x0000000000000c94       0x58 nrf51_sdk/nrf51822/Source/ble/ble_advdata.o
 .debug_macro   0x0000000000000cec       0x35 nrf51_sdk/nrf51822/Source/ble/ble_advdata.o
 .debug_macro   0x0000000000000d21       0x9c nrf51_sdk/nrf51822/Source/ble/ble_advdata.o
 .debug_macro   0x0000000000000dbd      0x166 nrf51_sdk/nrf51822/Source/ble/ble_advdata.o
 .debug_macro   0x0000000000000f23       0x52 nrf51_sdk/nrf51822/Source/ble/ble_advdata.o
 .debug_macro   0x0000000000000f75       0x16 nrf51_sdk/nrf51822/Source/ble/ble_advdata.o
 .debug_macro   0x0000000000000f8b       0x43 nrf51_sdk/nrf51822/Source/ble/ble_advdata.o
 .debug_macro   0x0000000000000fce      0x180 nrf51_sdk/nrf51822/Source/ble/ble_advdata.o
 .debug_macro   0x000000000000114e      0x29d nrf51_sdk/nrf51822/Source/ble/ble_advdata.o
 .debug_macro   0x00000000000013eb       0x10 nrf51_sdk/nrf51822/Source/ble/ble_advdata.o
 .debug_macro   0x00000000000013fb       0x35 nrf51_sdk/nrf51822/Source/ble/ble_advdata.o
 .debug_macro   0x0000000000001430       0xd6 nrf51_sdk/nrf51822/Source/ble/ble_advdata.o
 .debug_macro   0x0000000000001506      0x1e1 nrf51_sdk/nrf51822/Source/ble/ble_advdata.o
 .debug_macro   0x00000000000016e7       0x10 nrf51_sdk/nrf51822/Source/ble/ble_advdata.o
 .debug_macro   0x00000000000016f7      0x308 nrf51_sdk/nrf51822/Source/ble/ble_advdata.o
 .debug_macro   0x00000000000019ff       0x8e nrf51_sdk/nrf51822/Source/ble/ble_advdata.o
 .debug_macro   0x0000000000001a8d       0x34 nrf51_sdk/nrf51822/Source/ble/ble_advdata.o
 .debug_macro   0x0000000000001ac1       0x22 nrf51_sdk/nrf51822/Source/ble/ble_advdata.o
 .debug_macro   0x0000000000001ae3      0x1d5 nrf51_sdk/nrf51822/Source/ble/ble_advdata.o
 .debug_macro   0x0000000000001cb8       0x16 nrf51_sdk/nrf51822/Source/ble/ble_advdata.o
 .debug_macro   0x0000000000001cce       0xb8 nrf51_sdk/nrf51822/Source/ble/ble_advdata.o
 .debug_macro   0x0000000000001d86       0x1c nrf51_sdk/nrf51822/Source/ble/ble_advdata.o
 .debug_macro   0x0000000000001da2       0x1c nrf51_sdk/nrf51822/Source/ble/ble_advdata.o
 .debug_macro   0x0000000000001dbe       0x22 nrf51_sdk/nrf51822/Source/ble/ble_advdata.o
 .debug_macro   0x0000000000001de0       0xf4 nrf51_sdk/nrf51822/Source/ble/ble_advdata.o
 .debug_macro   0x0000000000001ed4      0x245 nrf51_sdk/nrf51822/Source/ble/ble_advdata.o
 .debug_macro   0x0000000000002119      0x256 nrf51_sdk/nrf51822/Source/ble/ble_conn_params.o
 .debug_macro   0x000000000000236f       0x16 nrf51_sdk/nrf51822/Source/ble/ble_conn_params.o
 .debug_macro   0x0000000000002385      0x10e nrf51_sdk/nrf51822/Source/ble/ble_conn_params.o
 .debug_macro   0x0000000000002493       0x7f nrf51_sdk/nrf51822/Source/ble/ble_conn_params.o
 .debug_macro   0x0000000000002512       0x16 nrf51_sdk/nrf51822/Source/ble/ble_conn_params.o
 .debug_macro   0x0000000000002528       0x29 nrf51_sdk/nrf51822/Source/ble/ble_conn_params.o
 .debug_macro   0x0000000000002551       0xa6 nrf51_sdk/nrf51822/Source/ble/ble_conn_params.o
 .debug_macro   0x00000000000025f7       0x1c nrf51_sdk/nrf51822/Source/ble/ble_conn_params.o
 .debug_macro   0x0000000000002613       0x10 nrf51_sdk/nrf51822/Source/ble/ble_conn_params.o
 .debug_macro   0x0000000000002623       0x10 nrf51_sdk/nrf51822/Source/ble/ble_conn_params.o
 .debug_macro   0x0000000000002633       0x22 nrf51_sdk/nrf51822/Source/ble/ble_conn_params.o
 .debug_macro   0x0000000000002655       0xbd nrf51_sdk/nrf51822/Source/ble/ble_conn_params.o
 .debug_macro   0x0000000000002712       0x16 nrf51_sdk/nrf51822/Source/ble/ble_conn_params.o
 .debug_macro   0x0000000000002728      0x196 nrf51_sdk/nrf51822/Source/ble/ble_conn_params.o
 .debug_macro   0x00000000000028be       0x16 nrf51_sdk/nrf51822/Source/ble/ble_conn_params.o
 .debug_macro   0x00000000000028d4       0x1c nrf51_sdk/nrf51822/Source/ble/ble_conn_params.o
 .debug_macro   0x00000000000028f0       0x41 nrf51_sdk/nrf51822/Source/ble/ble_conn_params.o
 .debug_macro   0x0000000000002931      0x17b nrf51_sdk/nrf51822/Source/ble/ble_services/ble_srv_common.o
 .debug_macro   0x0000000000002aac      0x201 nrf51_sdk/nrf51822/Source/ble/ble_services/ble_dis.o
 .debug_macro   0x0000000000002cad       0x10 nrf51_sdk/nrf51822/Source/ble/ble_services/ble_dis.o
 .debug_macro   0x0000000000002cbd       0x16 nrf51_sdk/nrf51822/Source/ble/ble_services/ble_dis.o
 .debug_macro   0x0000000000002cd3       0xb2 nrf51_sdk/nrf51822/Source/ble/ble_services/ble_dis.o
 .debug_macro   0x0000000000002d85      0x27b nrf51_sdk/nrf51822/Source/sd_common/softdevice_handler.o
 .debug_macro   0x0000000000003000       0x4a nrf51_sdk/nrf51822/Source/sd_common/softdevice_handler.o
 .debug_macro   0x000000000000304a       0x22 nrf51_sdk/nrf51822/Source/sd_common/softdevice_handler.o
 .debug_macro   0x000000000000306c       0x3a nrf51_sdk/nrf51822/Source/sd_common/softdevice_handler.o
 .debug_macro   0x00000000000030a6       0x1f nrf51_sdk/nrf51822/Source/sd_common/softdevice_handler.o
 .debug_macro   0x00000000000030c5      0x242 nrf51_sdk/nrf51822/Source/sd_common/softdevice_handler.o
 .debug_macro   0x0000000000003307      0x1d2 nrf51_sdk/nrf51822/Source/sd_common/softdevice_handler.o
 .debug_macro   0x00000000000034d9     0x74a3 nrf51_sdk/nrf51822/Source/sd_common/softdevice_handler.o
 .debug_macro   0x000000000000a97c       0x40 nrf51_sdk/nrf51822/Source/sd_common/softdevice_handler.o
 .debug_macro   0x000000000000a9bc       0x64 nrf51_sdk/nrf51822/Source/sd_common/softdevice_handler.o
 .debug_macro   0x000000000000aa20       0x1c nrf51_sdk/nrf51822/Source/sd_common/softdevice_handler.o
 .debug_macro   0x000000000000aa3c       0x16 nrf51_sdk/nrf51822/Source/sd_common/softdevice_handler.o
 .debug_macro   0x000000000000aa52       0x10 nrf51_sdk/nrf51822/Source/sd_common/softdevice_handler.o
 .debug_macro   0x000000000000aa62      0x30e nrf51_sdk/nrf51822/Source/sd_common/softdevice_handler.o
 .debug_macro   0x000000000000ad70       0x3a nrf51_sdk/nrf51822/Source/sd_common/softdevice_handler.o
 .debug_macro   0x000000000000adaa       0x10 nrf51_sdk/nrf51822/Source/sd_common/softdevice_handler.o
 .debug_macro   0x000000000000adba       0x10 nrf51_sdk/nrf51822/Source/sd_common/softdevice_handler.o
 .debug_macro   0x000000000000adca       0x16 nrf51_sdk/nrf51822/Source/sd_common/softdevice_handler.o
 .debug_macro   0x000000000000ade0       0x10 nrf51_sdk/nrf51822/Source/sd_common/softdevice_handler.o
 .debug_macro   0x000000000000adf0      0x299 nrf51_sdk/nrf51822/Source/app_common/app_timer.o
 .debug_macro   0x000000000000b089       0x16 nrf51_sdk/nrf51822/Source/app_common/app_timer.o
 .debug_macro   0x000000000000b09f       0x97 nrf51_sdk/nrf51822/Source/app_common/app_timer.o
 .debug_macro   0x000000000000b136       0xef nrf51_sdk/nrf51822/Source/app_common/app_timer.o
 .debug_macro   0x000000000000b225      0x963 nrf51_sdk/nrf51822/Source/app_common/app_timer.o
 .debug_macro   0x000000000000bb88       0x28 nrf51_sdk/nrf51822/Source/app_common/app_timer.o
 .debug_macro   0x000000000000bbb0      0x361 src/main.o
 .debug_macro   0x000000000000bf11       0xbe src/main.o
 .debug_macro   0x000000000000bfcf       0x28 src/main.o
 .debug_macro   0x000000000000bff7       0x4c src/main.o
 .debug_macro   0x000000000000c043       0x1c src/main.o
 .debug_macro   0x000000000000c05f       0x10 src/main.o
 .debug_macro   0x000000000000c06f       0x84 src/main.o
 .debug_macro   0x000000000000c0f3       0xc7 system_nrf51.o
 .debug_macro   0x000000000000c1ba       0xed src/button.o
 .debug_macro   0x000000000000c2a7       0xb4 src/systick.o
 .debug_macro   0x000000000000c35b      0x41e src/ble.o
 .debug_macro   0x000000000000c779       0x3a src/ble.o
 .debug_macro   0x000000000000c7b3       0x16 src/ble.o
 .debug_macro   0x000000000000c7c9       0x46 src/ble.o
 .debug_macro   0x000000000000c80f       0x16 src/ble.o
 .debug_macro   0x000000000000c825       0x2e src/ble.o
 .debug_macro   0x000000000000c853      0x1cb src/ble_crazyflies.o
 .debug_macro   0x000000000000ca1e      0x1db src/ble_crazyflies.o
 .debug_macro   0x000000000000cbf9      0x1d2 src/esb.o
 .debug_macro   0x000000000000cdcb      0x1c7 src/timeslot.o
 .debug_macro   0x000000000000cf92      0x225 src/bootloader.o
 .debug_macro   0x000000000000d1b7       0x46 src/bootloader.o
 .debug_macro   0x000000000000d1fd       0xd6 src/uart.o
 .debug_macro   0x000000000000d2d3       0xf1 src/syslink.o
 .debug_macro   0x000000000000d3c4       0x46 src/syslink.o
 .debug_macro   0x000000000000d40a       0x7e src/crc.o
 .debug_macro   0x000000000000d488       0x40 src/crc.o

.debug_line     0x0000000000000000     0x4d89
 .debug_line    0x0000000000000000      0x553 nrf51_sdk/nrf51822/Source/ble/ble_advdata.o
 .debug_line    0x0000000000000553      0x528 nrf51_sdk/nrf51822/Source/ble/ble_conn_params.o
 .debug_line    0x0000000000000a7b      0x398 nrf51_sdk/nrf51822/Source/ble/ble_services/ble_srv_common.o
 .debug_line    0x0000000000000e13      0x4a9 nrf51_sdk/nrf51822/Source/ble/ble_services/ble_dis.o
 .debug_line    0x00000000000012bc      0x569 nrf51_sdk/nrf51822/Source/sd_common/softdevice_handler.o
 .debug_line    0x0000000000001825      0x845 nrf51_sdk/nrf51822/Source/app_common/app_timer.o
 .debug_line    0x000000000000206a      0x676 src/main.o
 .debug_line    0x00000000000026e0      0x252 system_nrf51.o
 .debug_line    0x0000000000002932      0x2b4 src/button.o
 .debug_line    0x0000000000002be6      0x24d src/systick.o
 .debug_line    0x0000000000002e33      0x744 src/ble.o
 .debug_line    0x0000000000003577      0x462 src/ble_crazyflies.o
 .debug_line    0x00000000000039d9      0x3e6 src/esb.o
 .debug_line    0x0000000000003dbf      0x380 src/timeslot.o
 .debug_line    0x000000000000413f      0x4ef src/bootloader.o
 .debug_line    0x000000000000462e      0x2d4 src/uart.o
 .debug_line    0x0000000000004902      0x2ca src/syslink.o
 .debug_line    0x0000000000004bcc      0x1bd src/crc.o

.debug_str      0x0000000000000000    0x3df67
 .debug_str     0x0000000000000000     0xa7df nrf51_sdk/nrf51822/Source/ble/ble_advdata.o
                                       0xaa3c (size before relaxing)
 .debug_str     0x000000000000a7df     0x27e0 nrf51_sdk/nrf51822/Source/ble/ble_conn_params.o
                                       0xcca0 (size before relaxing)
 .debug_str     0x000000000000cfbf       0xe4 nrf51_sdk/nrf51822/Source/ble/ble_services/ble_srv_common.o
                                       0x9cdc (size before relaxing)
 .debug_str     0x000000000000d0a3      0x673 nrf51_sdk/nrf51822/Source/ble/ble_services/ble_dis.o
                                       0xab38 (size before relaxing)
 .debug_str     0x000000000000d716    0x29bf1 nrf51_sdk/nrf51822/Source/sd_common/softdevice_handler.o
                                      0x33eb3 (size before relaxing)
 .debug_str     0x0000000000037307     0x3e2d nrf51_sdk/nrf51822/Source/app_common/app_timer.o
                                      0x33dc2 (size before relaxing)
 .debug_str     0x000000000003b134      0xfc1 src/main.o
                                      0x37aa8 (size before relaxing)
 .debug_str     0x000000000003c0f5       0xf0 system_nrf51.o
                                      0x2eb46 (size before relaxing)
 .debug_str     0x000000000003c1e5       0x53 src/button.o
                                      0x2ef48 (size before relaxing)
 .debug_str     0x000000000003c238       0x25 src/systick.o
                                      0x2ecdc (size before relaxing)
 .debug_str     0x000000000003c25d      0xc2d src/ble.o
                                      0x39dc3 (size before relaxing)
 .debug_str     0x000000000003ce8a      0x154 src/ble_crazyflies.o
                                       0xa2e8 (size before relaxing)
 .debug_str     0x000000000003cfde      0x3c5 src/esb.o
                                      0x3174d (size before relaxing)
 .debug_str     0x000000000003d3a3      0x555 src/timeslot.o
                                      0x32738 (size before relaxing)
 .debug_str     0x000000000003d8f8      0x35f src/bootloader.o
                                      0x35ce2 (size before relaxing)
 .debug_str     0x000000000003dc57      0x152 src/uart.o
                                      0x2f08c (size before relaxing)
 .debug_str     0x000000000003dda9       0xc3 src/syslink.o
                                      0x2eedb (size before relaxing)
 .debug_str     0x000000000003de6c       0xfb src/crc.o
                                       0x2fdb (size before relaxing)

.debug_frame    0x0000000000000000      0xc48
 .debug_frame   0x0000000000000000       0xd4 nrf51_sdk/nrf51822/Source/ble/ble_advdata.o
 .debug_frame   0x00000000000000d4       0xf8 nrf51_sdk/nrf51822/Source/ble/ble_conn_params.o
 .debug_frame   0x00000000000001cc       0x3c nrf51_sdk/nrf51822/Source/ble/ble_services/ble_srv_common.o
 .debug_frame   0x0000000000000208       0x70 nrf51_sdk/nrf51822/Source/ble/ble_services/ble_dis.o
 .debug_frame   0x0000000000000278      0x104 nrf51_sdk/nrf51822/Source/sd_common/softdevice_handler.o
 .debug_frame   0x000000000000037c      0x160 nrf51_sdk/nrf51822/Source/app_common/app_timer.o
 .debug_frame   0x00000000000004dc       0x94 src/main.o
 .debug_frame   0x0000000000000570       0x38 system_nrf51.o
 .debug_frame   0x00000000000005a8       0x54 src/button.o
 .debug_frame   0x00000000000005fc       0x40 src/systick.o
 .debug_frame   0x000000000000063c      0x138 src/ble.o
 .debug_frame   0x0000000000000774       0xcc src/ble_crazyflies.o
 .debug_frame   0x0000000000000840      0x11c src/esb.o
 .debug_frame   0x000000000000095c       0x78 src/timeslot.o
 .debug_frame   0x00000000000009d4       0x6c src/bootloader.o
 .debug_frame   0x0000000000000a40       0xb0 src/uart.o
 .debug_frame   0x0000000000000af0       0x4c src/syslink.o
 .debug_frame   0x0000000000000b3c       0x30 src/crc.o
 .debug_frame   0x0000000000000b6c       0x28 /Users/Baram/gcc-arm-none-eabi/bin/../lib/gcc/arm-none-eabi/4.9.3/../../../../arm-none-eabi/lib/armv6-m/libc_nano.a(lib_a-exit.o)
 .debug_frame   0x0000000000000b94       0x2c /Users/Baram/gcc-arm-none-eabi/bin/../lib/gcc/arm-none-eabi/4.9.3/../../../../arm-none-eabi/lib/armv6-m/libc_nano.a(lib_a-init.o)
 .debug_frame   0x0000000000000bc0       0x28 /Users/Baram/gcc-arm-none-eabi/bin/../lib/gcc/arm-none-eabi/4.9.3/../../../../arm-none-eabi/lib/armv6-m/libc_nano.a(lib_a-memcpy.o)
 .debug_frame   0x0000000000000be8       0x20 /Users/Baram/gcc-arm-none-eabi/bin/../lib/gcc/arm-none-eabi/4.9.3/../../../../arm-none-eabi/lib/armv6-m/libc_nano.a(lib_a-memset.o)
 .debug_frame   0x0000000000000c08       0x20 /Users/Baram/gcc-arm-none-eabi/bin/../lib/gcc/arm-none-eabi/4.9.3/../../../../arm-none-eabi/lib/armv6-m/libc_nano.a(lib_a-strlen.o)
 .debug_frame   0x0000000000000c28       0x20 /Users/Baram/gcc-arm-none-eabi/bin/../lib/gcc/arm-none-eabi/4.9.3/../../../../arm-none-eabi/lib/armv6-m/libnosys.a(_exit.o)
